Component: ARM Compiler 5.06 update 6 (build 750) Tool: armlink [4d35ed]

==============================================================================

Section Cross References

    startup_stm32f407xx.o(RESET) refers to startup_stm32f407xx.o(STACK) for __initial_sp
    startup_stm32f407xx.o(RESET) refers to startup_stm32f407xx.o(.text) for Reset_Handler
    startup_stm32f407xx.o(RESET) refers to stm32f4xx_it.o(i.NMI_Handler) for NMI_Handler
    startup_stm32f407xx.o(RESET) refers to stm32f4xx_it.o(i.HardFault_Handler) for HardFault_Handler
    startup_stm32f407xx.o(RESET) refers to stm32f4xx_it.o(i.MemManage_Handler) for MemManage_Handler
    startup_stm32f407xx.o(RESET) refers to stm32f4xx_it.o(i.BusFault_Handler) for BusFault_Handler
    startup_stm32f407xx.o(RESET) refers to stm32f4xx_it.o(i.UsageFault_Handler) for UsageFault_Handler
    startup_stm32f407xx.o(RESET) refers to stm32f4xx_it.o(i.SVC_Handler) for SVC_Handler
    startup_stm32f407xx.o(RESET) refers to stm32f4xx_it.o(i.DebugMon_Handler) for DebugMon_Handler
    startup_stm32f407xx.o(RESET) refers to stm32f4xx_it.o(i.PendSV_Handler) for PendSV_Handler
    startup_stm32f407xx.o(RESET) refers to stm32f4xx_it.o(i.SysTick_Handler) for SysTick_Handler
    startup_stm32f407xx.o(RESET) refers to stm32f4xx_it.o(i.DMA1_Stream1_IRQHandler) for DMA1_Stream1_IRQHandler
    startup_stm32f407xx.o(RESET) refers to stm32f4xx_it.o(i.DMA1_Stream2_IRQHandler) for DMA1_Stream2_IRQHandler
    startup_stm32f407xx.o(RESET) refers to stm32f4xx_it.o(i.DMA1_Stream3_IRQHandler) for DMA1_Stream3_IRQHandler
    startup_stm32f407xx.o(RESET) refers to stm32f4xx_it.o(i.DMA1_Stream4_IRQHandler) for DMA1_Stream4_IRQHandler
    startup_stm32f407xx.o(RESET) refers to stm32f4xx_it.o(i.USART3_IRQHandler) for USART3_IRQHandler
    startup_stm32f407xx.o(RESET) refers to stm32f4xx_it.o(i.UART4_IRQHandler) for UART4_IRQHandler
    startup_stm32f407xx.o(RESET) refers to stm32f4xx_it.o(i.OTG_FS_IRQHandler) for OTG_FS_IRQHandler
    startup_stm32f407xx.o(.text) refers to system_stm32f4xx.o(i.SystemInit) for SystemInit
    startup_stm32f407xx.o(.text) refers to entry.o(.ARM.Collect$$$$00000000) for __main
    main.o(i.HAL_UART_RxCpltCallback) refers to stm32f4xx_hal_uart.o(i.HAL_UART_Receive_IT) for HAL_UART_Receive_IT
    main.o(i.HAL_UART_RxCpltCallback) refers to main.o(.data) for .data
    main.o(i.HAL_UART_RxCpltCallback) refers to main.o(.bss) for .bss
    main.o(i.MX_DMA_Init) refers to stm32f4xx_hal_cortex.o(i.HAL_NVIC_SetPriority) for HAL_NVIC_SetPriority
    main.o(i.MX_DMA_Init) refers to stm32f4xx_hal_cortex.o(i.HAL_NVIC_EnableIRQ) for HAL_NVIC_EnableIRQ
    main.o(i.MX_GPIO_Init) refers to stm32f4xx_hal_gpio.o(i.HAL_GPIO_WritePin) for HAL_GPIO_WritePin
    main.o(i.MX_GPIO_Init) refers to stm32f4xx_hal_gpio.o(i.HAL_GPIO_Init) for HAL_GPIO_Init
    main.o(i.MX_USART3_UART_Init) refers to stm32f4xx_hal_uart.o(i.HAL_UART_Init) for HAL_UART_Init
    main.o(i.MX_USART3_UART_Init) refers to stm32f4xx_hal_uart.o(i.HAL_UART_Receive_DMA) for HAL_UART_Receive_DMA
    main.o(i.MX_USART3_UART_Init) refers to main.o(.bss) for .bss
    main.o(i.MX_USART3_UART_Init) refers to main.o(.data) for .data
    main.o(i.SystemClock_Config) refers to stm32f4xx_hal_rcc.o(i.HAL_RCC_OscConfig) for HAL_RCC_OscConfig
    main.o(i.SystemClock_Config) refers to stm32f4xx_hal_rcc.o(i.HAL_RCC_ClockConfig) for HAL_RCC_ClockConfig
    main.o(i.SystemClock_Config) refers to stm32f4xx_hal_rcc.o(i.HAL_RCC_GetHCLKFreq) for HAL_RCC_GetHCLKFreq
    main.o(i.SystemClock_Config) refers to stm32f4xx_hal_cortex.o(i.HAL_SYSTICK_Config) for HAL_SYSTICK_Config
    main.o(i.SystemClock_Config) refers to stm32f4xx_hal_cortex.o(i.HAL_SYSTICK_CLKSourceConfig) for HAL_SYSTICK_CLKSourceConfig
    main.o(i.SystemClock_Config) refers to stm32f4xx_hal_cortex.o(i.HAL_NVIC_SetPriority) for HAL_NVIC_SetPriority
    main.o(i.main) refers to stm32f4xx_hal.o(i.HAL_Init) for HAL_Init
    main.o(i.main) refers to main.o(i.SystemClock_Config) for SystemClock_Config
    main.o(i.main) refers to main.o(i.MX_GPIO_Init) for MX_GPIO_Init
    main.o(i.main) refers to main.o(i.MX_DMA_Init) for MX_DMA_Init
    main.o(i.main) refers to main.o(i.MX_USART3_UART_Init) for MX_USART3_UART_Init
    main.o(i.main) refers to usb_host.o(i.MX_USB_HOST_Init) for MX_USB_HOST_Init
    main.o(i.main) refers to stm32f4xx_hal_uart.o(i.HAL_UART_Init) for HAL_UART_Init
    main.o(i.main) refers to stm32f4xx_hal_uart.o(i.HAL_UART_Receive_IT) for HAL_UART_Receive_IT
    main.o(i.main) refers to usb_host.o(i.MX_USB_HOST_Process) for MX_USB_HOST_Process
    main.o(i.main) refers to uar.o(i.Data_Turn) for Data_Turn
    main.o(i.main) refers to printf3.o(i.__0printf$3) for __2printf
    main.o(i.main) refers to stm32f4xx_hal_uart.o(i.HAL_UART_Transmit) for HAL_UART_Transmit
    main.o(i.main) refers to memseta.o(.text) for __aeabi_memclr4
    main.o(i.main) refers to stm32f4xx_hal.o(i.HAL_Delay) for HAL_Delay
    main.o(i.main) refers to main.o(.bss) for .bss
[...]
    i.HAL_HCD_GetCurrentFrame                0x08000a4c   Section        0  stm32f4xx_hal_hcd.o(i.HAL_HCD_GetCurrentFrame)
    i.HAL_HCD_GetCurrentSpeed                0x08000a52   Section        0  stm32f4xx_hal_hcd.o(i.HAL_HCD_GetCurrentSpeed)
    i.HAL_HCD_HC_GetURBState                 0x08000a58   Section        0  stm32f4xx_hal_hcd.o(i.HAL_HCD_HC_GetURBState)
    i.HAL_HCD_HC_Halt                        0x08000a66   Section        0  stm32f4xx_hal_hcd.o(i.HAL_HCD_HC_Halt)
    i.HAL_HCD_HC_Init                        0x08000a8a   Section        0  stm32f4xx_hal_hcd.o(i.HAL_HCD_HC_Init)
    i.HAL_HCD_HC_NotifyURBChange_Callback    0x08000ade   Section        0  usbh_conf.o(i.HAL_HCD_HC_NotifyURBChange_Callback)
    i.HAL_HCD_HC_SubmitRequest               0x08000ae0   Section        0  stm32f4xx_hal_hcd.o(i.HAL_HCD_HC_SubmitRequest)
    i.HAL_HCD_IRQHandler                     0x08000b98   Section        0  stm32f4xx_hal_hcd.o(i.HAL_HCD_IRQHandler)
    i.HAL_HCD_Init                           0x08000cc6   Section        0  stm32f4xx_hal_hcd.o(i.HAL_HCD_Init)
    i.HAL_HCD_MspInit                        0x08000d20   Section        0  usbh_conf.o(i.HAL_HCD_MspInit)
    i.HAL_HCD_ResetPort                      0x08000d9c   Section        0  stm32f4xx_hal_hcd.o(i.HAL_HCD_ResetPort)
    i.HAL_HCD_SOF_Callback                   0x08000da2   Section        0  usbh_conf.o(i.HAL_HCD_SOF_Callback)
    i.HAL_HCD_Start                          0x08000daa   Section        0  stm32f4xx_hal_hcd.o(i.HAL_HCD_Start)
    i.HAL_HCD_Stop                           0x08000dd6   Section        0  stm32f4xx_hal_hcd.o(i.HAL_HCD_Stop)
    i.HAL_IncTick                            0x08000dfc   Section        0  stm32f4xx_hal.o(i.HAL_IncTick)
    i.HAL_Init                               0x08000e0c   Section        0  stm32f4xx_hal.o(i.HAL_Init)
    i.HAL_InitTick                           0x08000e40   Section        0  stm32f4xx_hal.o(i.HAL_InitTick)
    i.HAL_MspInit                            0x08000e80   Section        0  stm32f4xx_hal_msp.o(i.HAL_MspInit)
    i.HAL_NVIC_EnableIRQ                     0x08000f04   Section        0  stm32f4xx_hal_cortex.o(i.HAL_NVIC_EnableIRQ)
    i.HAL_NVIC_SetPriority                   0x08000f1c   Section        0  stm32f4xx_hal_cortex.o(i.HAL_NVIC_SetPriority)
    i.HAL_NVIC_SetPriorityGrouping           0x08000f5c   Section        0  stm32f4xx_hal_cortex.o(i.HAL_NVIC_SetPriorityGrouping)
    i.HAL_RCC_ClockConfig                    0x08000f80   Section        0  stm32f4xx_hal_rcc.o(i.HAL_RCC_ClockConfig)
    i.HAL_RCC_GetHCLKFreq                    0x080010b0   Section        0  stm32f4xx_hal_rcc.o(i.HAL_RCC_GetHCLKFreq)
    i.HAL_RCC_GetPCLK1Freq                   0x080010bc   Section        0  stm32f4xx_hal_rcc.o(i.HAL_RCC_GetPCLK1Freq)
    i.HAL_RCC_GetPCLK2Freq                   0x080010dc   Section        0  stm32f4xx_hal_rcc.o(i.HAL_RCC_GetPCLK2Freq)
    i.HAL_RCC_GetSysClockFreq                0x080010fc   Section        0  stm32f4xx_hal_rcc.o(i.HAL_RCC_GetSysClockFreq)
    i.HAL_RCC_OscConfig                      0x0800115c   Section        0  stm32f4xx_hal_rcc.o(i.HAL_RCC_OscConfig)
    i.HAL_SYSTICK_CLKSourceConfig            0x08001478   Section        0  stm32f4xx_hal_cortex.o(i.HAL_SYSTICK_CLKSourceConfig)
    i.HAL_SYSTICK_Callback                   0x08001490   Section        0  stm32f4xx_hal_cortex.o(i.HAL_SYSTICK_Callback)
    i.HAL_SYSTICK_Config                     0x08001492   Section        0  stm32f4xx_hal_cortex.o(i.HAL_SYSTICK_Config)
    i.HAL_SYSTICK_IRQHandler                 0x080014ba   Section        0  stm32f4xx_hal_cortex.o(i.HAL_SYSTICK_IRQHandler)
    i.HAL_UART_DMAStop                       0x080014c2   Section        0  stm32f4xx_hal_uart.o(i.HAL_UART_DMAStop)
    i.HAL_UART_ErrorCallback                 0x0800151a   Section        0  stm32f4xx_hal_uart.o(i.HAL_UART_ErrorCallback)
    i.HAL_UART_IRQHandler                    0x0800151c   Section        0  stm32f4xx_hal_uart.o(i.HAL_UART_IRQHandler)
    i.HAL_UART_Init                          0x0800162c   Section        0  stm32f4xx_hal_uart.o(i.HAL_UART_Init)
    i.HAL_UART_MspInit                       0x08001690   Section        0  stm32f4xx_hal_msp.o(i.HAL_UART_MspInit)
    i.HAL_UART_Receive_DMA                   0x08001828   Section        0  stm32f4xx_hal_uart.o(i.HAL_UART_Receive_DMA)
    i.HAL_UART_Receive_IT                    0x080018c0   Section        0  stm32f4xx_hal_uart.o(i.HAL_UART_Receive_IT)
    i.HAL_UART_RxCpltCallback                0x08001908   Section        0  main.o(i.HAL_UART_RxCpltCallback)
    i.HAL_UART_RxHalfCpltCallback            0x0800194c   Section        0  stm32f4xx_hal_uart.o(i.HAL_UART_RxHalfCpltCallback)
    i.HAL_UART_Transmit                      0x0800194e   Section        0  stm32f4xx_hal_uart.o(i.HAL_UART_Transmit)
    i.HAL_UART_Transmit_DMA                  0x08001a08   Section        0  stm32f4xx_hal_uart.o(i.HAL_UART_Transmit_DMA)
    i.HAL_UART_TxCpltCallback                0x08001a88   Section        0  stm32f4xx_hal_uart.o(i.HAL_UART_TxCpltCallback)
    i.HAL_UART_TxHalfCpltCallback            0x08001a8a   Section        0  stm32f4xx_hal_uart.o(i.HAL_UART_TxHalfCpltCallback)
    i.HCD_HC_IN_IRQHandler                   0x08001a8c   Section        0  stm32f4xx_hal_hcd.o(i.HCD_HC_IN_IRQHandler)
    HCD_HC_IN_IRQHandler                     0x08001a8d   Thumb Code   562  stm32f4xx_hal_hcd.o(i.HCD_HC_IN_IRQHandler)
    i.HCD_HC_OUT_IRQHandler                  0x08001cbe   Section        0  stm32f4xx_hal_hcd.o(i.HCD_HC_OUT_IRQHandler)
    HCD_HC_OUT_IRQHandler                    0x08001cbf   Thumb Code   534  stm32f4xx_hal_hcd.o(i.HCD_HC_OUT_IRQHandler)
    i.HCD_Port_IRQHandler                    0x08001ed4   Section        0  stm32f4xx_hal_hcd.o(i.HCD_Port_IRQHandler)
    HCD_Port_IRQHandler                      0x08001ed5   Thumb Code   172  stm32f4xx_hal_hcd.o(i.HCD_Port_IRQHandler)
    i.HCD_RXQLVL_IRQHandler                  0x08001f80   Section        0  stm32f4xx_hal_hcd.o(i.HCD_RXQLVL_IRQHandler)
    HCD_RXQLVL_IRQHandler                    0x08001f81   Thumb Code   108  stm32f4xx_hal_hcd.o(i.HCD_RXQLVL_IRQHandler)
    i.HardFault_Handler                      0x08001ff0   Section        0  stm32f4xx_it.o(i.HardFault_Handler)
    i.MX_DMA_Init                            0x08001ff4   Section        0  main.o(i.MX_DMA_Init)
    MX_DMA_Init                              0x08001ff5   Thumb Code    88  main.o(i.MX_DMA_Init)
    i.MX_GPIO_Init                           0x08002050   Section        0  main.o(i.MX_GPIO_Init)
    MX_GPIO_Init                             0x08002051   Thumb Code   194  main.o(i.MX_GPIO_Init)
    i.MX_USART3_UART_Init                    0x08002124   Section        0  main.o(i.MX_USART3_UART_Init)
    MX_USART3_UART_Init                      0x08002125   Thumb Code    68  main.o(i.MX_USART3_UART_Init)
    i.MX_USB_HOST_Init                       0x08002174   Section        0  usb_host.o(i.MX_USB_HOST_Init)
    i.MX_USB_HOST_Process                    0x080021a0   Section        0  usb_host.o(i.MX_USB_HOST_Process)
    i.MemManage_Handler                      0x080021ac   Section        0  stm32f4xx_it.o(i.MemManage_Handler)
    i.NMI_Handler                            0x080021ae   Section        0  stm32f4xx_it.o(i.NMI_Handler)
    i.NVIC_SetPriority                       0x080021b0   Section        0  stm32f4xx_hal_cortex.o(i.NVIC_SetPriority)
    NVIC_SetPriority                         0x080021b1   Thumb Code    32  stm32f4xx_hal_cortex.o(i.NVIC_SetPriority)
    i.OTG_FS_IRQHandler                      0x080021d0   Section        0  stm32f4xx_it.o(i.OTG_FS_IRQHandler)
    i.PendSV_Handler                         0x080021dc   Section        0  stm32f4xx_it.o(i.PendSV_Handler)
    i.SVC_Handler                            0x080021de   Section        0  stm32f4xx_it.o(i.SVC_Handler)
    i.SysTick_Handler                        0x080021e0   Section        0  stm32f4xx_it.o(i.SysTick_Handler)
    i.SystemClock_Config                     0x080021f0   Section        0  main.o(i.SystemClock_Config)
    i.SystemInit                             0x08002290   Section        0  system_stm32f4xx.o(i.SystemInit)
    i.UART4_IRQHandler                       0x080022e4   Section        0  stm32f4xx_it.o(i.UART4_IRQHandler)
    i.UART_DMAAbortOnError                   0x080022f0   Section        0  stm32f4xx_hal_uart.o(i.UART_DMAAbortOnError)
    UART_DMAAbortOnError                     0x080022f1   Thumb Code    16  stm32f4xx_hal_uart.o(i.UART_DMAAbortOnError)
    i.UART_DMAError                          0x08002300   Section        0  stm32f4xx_hal_uart.o(i.UART_DMAError)
    UART_DMAError                            0x08002301   Thumb Code    74  stm32f4xx_hal_uart.o(i.UART_DMAError)
    i.UART_DMAReceiveCplt                    0x0800234a   Section        0  stm32f4xx_hal_uart.o(i.UART_DMAReceiveCplt)
    UART_DMAReceiveCplt                      0x0800234b   Thumb Code    60  stm32f4xx_hal_uart.o(i.UART_DMAReceiveCplt)
    i.UART_DMARxHalfCplt                     0x08002386   Section        0  stm32f4xx_hal_uart.o(i.UART_DMARxHalfCplt)
    UART_DMARxHalfCplt                       0x08002387   Thumb Code    10  stm32f4xx_hal_uart.o(i.UART_DMARxHalfCplt)
    i.UART_DMATransmitCplt                   0x08002390   Section        0  stm32f4xx_hal_uart.o(i.UART_DMATransmitCplt)
    UART_DMATransmitCplt                     0x08002391   Thumb Code    46  stm32f4xx_hal_uart.o(i.UART_DMATransmitCplt)
    i.UART_DMATxHalfCplt                     0x080023be   Section        0  stm32f4xx_hal_uart.o(i.UART_DMATxHalfCplt)
    UART_DMATxHalfCplt                       0x080023bf   Thumb Code    10  stm32f4xx_hal_uart.o(i.UART_DMATxHalfCplt)
    i.UART_EndRxTransfer                     0x080023c8   Section        0  stm32f4xx_hal_uart.o(i.UART_EndRxTransfer)
    UART_EndRxTransfer                       0x080023c9   Thumb Code    28  stm32f4xx_hal_uart.o(i.UART_EndRxTransfer)
    i.UART_EndTxTransfer                     0x080023e4   Section        0  stm32f4xx_hal_uart.o(i.UART_EndTxTransfer)
    UART_EndTxTransfer                       0x080023e5   Thumb Code    18  stm32f4xx_hal_uart.o(i.UART_EndTxTransfer)
    i.UART_Receive_IT                        0x080023f6   Section        0  stm32f4xx_hal_uart.o(i.UART_Receive_IT)
    UART_Receive_IT                          0x080023f7   Thumb Code   140  stm32f4xx_hal_uart.o(i.UART_Receive_IT)
    i.UART_SetConfig                         0x08002484   Section        0  stm32f4xx_hal_uart.o(i.UART_SetConfig)
    UART_SetConfig                           0x08002485   Thumb Code   676  stm32f4xx_hal_uart.o(i.UART_SetConfig)
    i.UART_Transmit_IT                       0x08002730   Section        0  stm32f4xx_hal_uart.o(i.UART_Transmit_IT)
    UART_Transmit_IT                         0x08002731   Thumb Code    98  stm32f4xx_hal_uart.o(i.UART_Transmit_IT)
    i.UART_WaitOnFlagUntilTimeout            0x08002792   Section        0  stm32f4xx_hal_uart.o(i.UART_WaitOnFlagUntilTimeout)
    UART_WaitOnFlagUntilTimeout              0x08002793   Thumb Code   100  stm32f4xx_hal_uart.o(i.UART_WaitOnFlagUntilTimeout)
    i.USART3_IRQHandler                      0x080027f8   Section        0  stm32f4xx_it.o(i.USART3_IRQHandler)
    i.USBH_AllocPipe                         0x0800284c   Section        0  usbh_pipes.o(i.USBH_AllocPipe)
    i.USBH_ClosePipe                         0x08002880   Section        0  usbh_pipes.o(i.USBH_ClosePipe)
    i.USBH_ClrFeature                        0x0800288a   Section        0  usbh_ctlreq.o(i.USBH_ClrFeature)
    i.USBH_CtlReceiveData                    0x080028a8   Section        0  usbh_ioreq.o(i.USBH_CtlReceiveData)
    i.USBH_CtlReq                            0x080028c6   Section        0  usbh_ctlreq.o(i.USBH_CtlReq)
    i.USBH_CtlSendData                       0x080028fc   Section        0  usbh_ioreq.o(i.USBH_CtlSendData)
    i.USBH_CtlSendSetup                      0x08002924   Section        0  usbh_ioreq.o(i.USBH_CtlSendSetup)
    i.USBH_Delay                             0x08002942   Section        0  usbh_conf.o(i.USBH_Delay)
    i.USBH_FindInterface                     0x08002946   Section        0  usbh_core.o(i.USBH_FindInterface)
    i.USBH_FreePipe                          0x0800298a   Section        0  usbh_pipes.o(i.USBH_FreePipe)
    i.USBH_GetDescriptor                     0x080029a2   Section        0  usbh_ctlreq.o(i.USBH_GetDescriptor)
    i.USBH_GetNextDesc                       0x080029d6   Section        0  usbh_ctlreq.o(i.USBH_GetNextDesc)
    i.USBH_Get_CfgDesc                       0x080029e4   Section        0  usbh_ctlreq.o(i.USBH_Get_CfgDesc)
    i.USBH_Get_DevDesc                       0x08002a10   Section        0  usbh_ctlreq.o(i.USBH_Get_DevDesc)
    i.USBH_Get_StringDesc                    0x08002aaa   Section        0  usbh_ctlreq.o(i.USBH_Get_StringDesc)
    i.USBH_HID_ClassRequest                  0x08002af2   Section        0  usbh_hid.o(i.USBH_HID_ClassRequest)
    USBH_HID_ClassRequest                    0x08002af3   Thumb Code   172  usbh_hid.o(i.USBH_HID_ClassRequest)
    i.USBH_HID_EventCallback                 0x08002b9e   Section        0  usbh_hid.o(i.USBH_HID_EventCallback)
    i.USBH_HID_GetHIDDescriptor              0x08002ba0   Section        0  usbh_hid.o(i.USBH_HID_GetHIDDescriptor)
    i.USBH_HID_GetHIDReportDescriptor        0x08002bb4   Section        0  usbh_hid.o(i.USBH_HID_GetHIDReportDescriptor)
    i.USBH_HID_GetReport                     0x08002bc8   Section        0  usbh_hid.o(i.USBH_HID_GetReport)
    i.USBH_HID_InterfaceDeInit               0x08002bea   Section        0  usbh_hid.o(i.USBH_HID_InterfaceDeInit)
    USBH_HID_InterfaceDeInit                 0x08002beb   Thumb Code    68  usbh_hid.o(i.USBH_HID_InterfaceDeInit)
    i.USBH_HID_InterfaceInit                 0x08002c30   Section        0  usbh_hid.o(i.USBH_HID_InterfaceInit)
    USBH_HID_InterfaceInit                   0x08002c31   Thumb Code   338  usbh_hid.o(i.USBH_HID_InterfaceInit)
    i.USBH_HID_KeybdInit                     0x08002d8c   Section        0  usbh_hid_keybd.o(i.USBH_HID_KeybdInit)
    i.USBH_HID_MouseInit                     0x08002de0   Section        0  usbh_hid_mouse.o(i.USBH_HID_MouseInit)
    i.USBH_HID_Process                       0x08002e1c   Section        0  usbh_hid.o(i.USBH_HID_Process)
    USBH_HID_Process                         0x08002e1d   Thumb Code   188  usbh_hid.o(i.USBH_HID_Process)
    i.USBH_HID_SOFProcess                    0x08002ed8   Section        0  usbh_hid.o(i.USBH_HID_SOFProcess)
    USBH_HID_SOFProcess                      0x08002ed9   Thumb Code    34  usbh_hid.o(i.USBH_HID_SOFProcess)
    i.USBH_HID_SetIdle                       0x08002efa   Section        0  usbh_hid.o(i.USBH_HID_SetIdle)
    i.USBH_HID_SetProtocol                   0x08002f14   Section        0  usbh_hid.o(i.USBH_HID_SetProtocol)
    i.USBH_HandleControl                     0x08002f32   Section        0  usbh_ctlreq.o(i.USBH_HandleControl)
    USBH_HandleControl                       0x08002f33   Thumb Code   382  usbh_ctlreq.o(i.USBH_HandleControl)
    i.USBH_HandleEnum                        0x080030b0   Section        0  usbh_core.o(i.USBH_HandleEnum)
    USBH_HandleEnum                          0x080030b1   Thumb Code   242  usbh_core.o(i.USBH_HandleEnum)
    i.USBH_Init                              0x080031a2   Section        0  usbh_core.o(i.USBH_Init)
    i.USBH_InterruptReceiveData              0x080031d2   Section        0  usbh_ioreq.o(i.USBH_InterruptReceiveData)
    i.USBH_LL_ClosePipe                      0x080031f2   Section        0  usbh_conf.o(i.USBH_LL_ClosePipe)
    i.USBH_LL_Connect                        0x08003212   Section        0  usbh_core.o(i.USBH_LL_Connect)
    i.USBH_LL_Disconnect                     0x0800323a   Section        0  usbh_core.o(i.USBH_LL_Disconnect)
    i.USBH_LL_DriverVBUS                     0x08003272   Section        0  usbh_conf.o(i.USBH_LL_DriverVBUS)
    i.USBH_LL_GetSpeed                       0x0800327e   Section        0  usbh_conf.o(i.USBH_LL_GetSpeed)
    i.USBH_LL_GetURBState                    0x080032a0   Section        0  usbh_conf.o(i.USBH_LL_GetURBState)
    i.USBH_LL_IncTimer                       0x080032a8   Section        0  usbh_core.o(i.USBH_LL_IncTimer)
    i.USBH_LL_Init                           0x080032c8   Section        0  usbh_conf.o(i.USBH_LL_Init)
    i.USBH_LL_OpenPipe                       0x08003330   Section        0  usbh_conf.o(i.USBH_LL_OpenPipe)
    i.USBH_LL_ResetPort                      0x0800335a   Section        0  usbh_conf.o(i.USBH_LL_ResetPort)
    i.USBH_LL_SetTimer                       0x0800337a   Section        0  usbh_core.o(i.USBH_LL_SetTimer)
    i.USBH_LL_SetToggle                      0x08003380   Section        0  usbh_conf.o(i.USBH_LL_SetToggle)
    i.USBH_LL_Start                          0x080033a0   Section        0  usbh_conf.o(i.USBH_LL_Start)
    i.USBH_LL_Stop                           0x080033c0   Section        0  usbh_conf.o(i.USBH_LL_Stop)
    i.USBH_LL_SubmitURB                      0x080033e0   Section        0  usbh_conf.o(i.USBH_LL_SubmitURB)
    i.USBH_OpenPipe                          0x08003410   Section        0  usbh_pipes.o(i.USBH_OpenPipe)
    i.USBH_ParseCfgDesc                      0x08003424   Section        0  usbh_ctlreq.o(i.USBH_ParseCfgDesc)
    USBH_ParseCfgDesc                        0x08003425   Thumb Code   232  usbh_ctlreq.o(i.USBH_ParseCfgDesc)
    i.USBH_Process                           0x0800350c   Section        0  usbh_core.o(i.USBH_Process)
    i.USBH_RegisterClass                     0x08003674   Section        0  usbh_core.o(i.USBH_RegisterClass)
    i.USBH_SelectInterface                   0x08003690   Section        0  usbh_core.o(i.USBH_SelectInterface)
    i.USBH_SetAddress                        0x080036a6   Section        0  usbh_ctlreq.o(i.USBH_SetAddress)
    i.USBH_SetCfg                            0x080036c2   Section        0  usbh_ctlreq.o(i.USBH_SetCfg)
    i.USBH_Start                             0x080036de   Section        0  usbh_core.o(i.USBH_Start)
    i.USBH_UserProcess                       0x080036f4   Section        0  usb_host.o(i.USBH_UserProcess)
    USBH_UserProcess                         0x080036f5   Thumb Code    48  usb_host.o(i.USBH_UserProcess)
    i.USB_CoreInit                           0x0800372c   Section        0  stm32f4xx_ll_usb.o(i.USB_CoreInit)
    i.USB_CoreReset                          0x08003798   Section        0  stm32f4xx_ll_usb.o(i.USB_CoreReset)
    USB_CoreReset                            0x08003799   Thumb Code    50  stm32f4xx_ll_usb.o(i.USB_CoreReset)
    i.USB_DisableGlobalInt                   0x080037d0   Section        0  stm32f4xx_ll_usb.o(i.USB_DisableGlobalInt)
    i.USB_DoPing                             0x080037dc   Section        0  stm32f4xx_ll_usb.o(i.USB_DoPing)
    i.USB_DriveVbus                          0x0800381c   Section        0  stm32f4xx_ll_usb.o(i.USB_DriveVbus)
    i.USB_EnableGlobalInt                    0x08003848   Section        0  stm32f4xx_ll_usb.o(i.USB_EnableGlobalInt)
    i.USB_FlushRxFifo                        0x08003854   Section        0  stm32f4xx_ll_usb.o(i.USB_FlushRxFifo)
    i.USB_FlushTxFifo                        0x08003874   Section        0  stm32f4xx_ll_usb.o(i.USB_FlushTxFifo)
    i.USB_GetCurrentFrame                    0x08003898   Section        0  stm32f4xx_ll_usb.o(i.USB_GetCurrentFrame)
    i.USB_GetHostSpeed                       0x080038a0   Section        0  stm32f4xx_ll_usb.o(i.USB_GetHostSpeed)
    i.USB_GetMode                            0x080038ae   Section        0  stm32f4xx_ll_usb.o(i.USB_GetMode)
    i.USB_HC_Halt                            0x080038b6   Section        0  stm32f4xx_ll_usb.o(i.USB_HC_Halt)
    i.USB_HC_Init                            0x08003a00   Section        0  stm32f4xx_ll_usb.o(i.USB_HC_Init)
    i.USB_HC_ReadInterrupt                   0x08003aea   Section        0  stm32f4xx_ll_usb.o(i.USB_HC_ReadInterrupt)
    i.USB_HC_StartXfer                       0x08003af8   Section        0  stm32f4xx_ll_usb.o(i.USB_HC_StartXfer)
    i.USB_HostInit                           0x08003c80   Section        0  stm32f4xx_ll_usb.o(i.USB_HostInit)
    i.USB_InitFSLSPClkSel                    0x08003d54   Section        0  stm32f4xx_ll_usb.o(i.USB_InitFSLSPClkSel)
    i.USB_ReadInterrupts                     0x08003d8a   Section        0  stm32f4xx_ll_usb.o(i.USB_ReadInterrupts)
    i.USB_ReadPacket                         0x08003d92   Section        0  stm32f4xx_ll_usb.o(i.USB_ReadPacket)
    i.USB_ResetPort                          0x08003db2   Section        0  stm32f4xx_ll_usb.o(i.USB_ResetPort)
    i.USB_SetCurrentMode                     0x08003dde   Section        0  stm32f4xx_ll_usb.o(i.USB_SetCurrentMode)
    i.USB_StopHost                           0x08003e0a   Section        0  stm32f4xx_ll_usb.o(i.USB_StopHost)
    i.USB_WritePacket                        0x08003ebc   Section        0  stm32f4xx_ll_usb.o(i.USB_WritePacket)
    i.UsageFault_Handler                     0x08003ee4   Section        0  stm32f4xx_it.o(i.UsageFault_Handler)
    i._Error_Handler                         0x08003ee6   Section        0  main.o(i._Error_Handler)
    i.__0printf$3                            0x08003ee8   Section        0  printf3.o(i.__0printf$3)
    i.__scatterload_copy                     0x08003f08   Section       14  handlers.o(i.__scatterload_copy)
    i.__scatterload_null                     0x08003f16   Section        2  handlers.o(i.__scatterload_null)
    i.__scatterload_zeroinit                 0x08003f18   Section       14  handlers.o(i.__scatterload_zeroinit)
    i._printf_core                           0x08003f28   Section        0  printf3.o(i._printf_core)
    _printf_core                             0x08003f29   Thumb Code   436  printf3.o(i._printf_core)
    i.fifo_init                              0x080040e0   Section        0  usbh_hid.o(i.fifo_init)
    i.fifo_write                             0x080040ee   Section        0  usbh_hid.o(i.fifo_write)
    i.fputc                                  0x08004140   Section        0  usar_fputc.o(i.fputc)
    i.free                                   0x08004164   Section        0  malloc.o(i.free)
    i.main                                   0x080041b4   Section        0  main.o(i.main)
    i.malloc                                 0x08004270   Section        0  malloc.o(i.malloc)
    .constdata                               0x080042dc   Section        8  stm32f4xx_hal_dma.o(.constdata)
    flagBitshiftOffset                       0x080042dc   Data           8  stm32f4xx_hal_dma.o(.constdata)
    .constdata                               0x080042e4   Section       16  system_stm32f4xx.o(.constdata)
    .constdata                               0x080042f4   Section        8  system_stm32f4xx.o(.constdata)
    .conststring                             0x080042fc   Section        4  usbh_hid.o(.conststring)
    .data                                    0x20000000   Section        1  main.o(.data)
    .data                                    0x20000001   Section        1  main.o(.data)
    .data                                    0x20000004   Section       16  main.o(.data)
    .data                                    0x20000014   Section        1  usb_host.o(.data)
    .data                                    0x20000018   Section       12  stm32f4xx_hal.o(.data)
    .data                                    0x20000024   Section        4  system_stm32f4xx.o(.data)
    .data                                    0x20000028   Section       32  usbh_hid.o(.data)
    .data                                    0x20000048   Section        8  usbh_hid_keybd.o(.data)
    .data                                    0x20000050   Section        9  usbh_hid_mouse.o(.data)
    .data                                    0x20000059   Section        2  usar_fputc.o(.data)
    .data                                    0x2000005c   Section        4  stdout.o(.data)
    .data                                    0x20000060   Section        4  mvars.o(.data)
    .data                                    0x20000064   Section        4  mvars.o(.data)
    .bss                                     0x20000068   Section     1252  main.o(.bss)
    .bss                                     0x2000054c   Section       96  main.o(.bss)
    .bss                                     0x200005ac   Section       96  main.o(.bss)
    .bss                                     0x2000060c   Section       96  main.o(.bss)
    .bss                                     0x2000066c   Section       96  main.o(.bss)
    .bss                                     0x200006cc   Section      968  usb_host.o(.bss)
    .bss                                     0x20000a94   Section      664  usbh_conf.o(.bss)
    .bss                                     0x20000d2c   Section       15  usbh_hid_keybd.o(.bss)
    HEAP                                     0x20000d40   Section     1024  startup_stm32f407xx.o(HEAP)
    STACK                                    0x20001140   Section     2048  startup_stm32f407xx.o(STACK)

    Global Symbols

    Symbol Name                              Value     Ov Type        Size  Object(Section)

    BuildAttributes$$THM_ISAv4$E$P$D$K$B$S$7EM$VFPi3$EXTD16$VFPS$VFMA$PE$A:L22UL41UL21$X:L11$S22US41US21$IEEE1$IW$USESV6$~STKCKD$USESV7$~SHL$OSPACE$ROPI$EBA8$MICROLIB$REQ8$PRES8$EABIv2 0x00000000   Number         0  anon$$obj.o ABSOLUTE
    __ARM_use_no_argv                        0x00000000   Number         0  main.o ABSOLUTE
    _printf_a                                0x00000000   Number         0  stubs.o ABSOLUTE
    _printf_c                                0x00000000   Number         0  stubs.o ABSOLUTE
    _printf_charcount                        0x00000000   Number         0  stubs.o ABSOLUTE
    _printf_d                                0x00000000   Number         0  stubs.o ABSOLUTE
    _printf_e                                0x00000000   Number         0  stubs.o ABSOLUTE
    _printf_f                                0x00000000   Number         0  stubs.o ABSOLUTE
    _printf_flags                            0x00000000   Number         0  stubs.o ABSOLUTE
    _printf_fp_dec                           0x00000000   Number         0  stubs.o ABSOLUTE
    _printf_fp_hex                           0x00000000   Number         0  stubs.o ABSOLUTE
    _printf_g                                0x00000000   Number         0  stubs.o ABSOLUTE
    _printf_i                                0x00000000   Number         0  stubs.o ABSOLUTE
    _printf_int_dec                          0x00000000   Number         0  stubs.o ABSOLUTE
    _printf_l                                0x00000000   Number         0  stubs.o ABSOLUTE
    _printf_lc                               0x00000000   Number         0  stubs.o ABSOLUTE
    _printf_ll                               0x00000000   Number         0  stubs.o ABSOLUTE
    _printf_lld                              0x00000000   Number         0  stubs.o ABSOLUTE
    _printf_lli                              0x00000000   Number         0  stubs.o ABSOLUTE
    _printf_llo                              0x00000000   Number         0  stubs.o ABSOLUTE
    _printf_llu                              0x00000000   Number         0  stubs.o ABSOLUTE
    _printf_llx                              0x00000000   Number         0  stubs.o ABSOLUTE
    _printf_longlong_dec                     0x00000000   Number         0  stubs.o ABSOLUTE
    _printf_longlong_hex                     0x00000000   Number         0  stubs.o ABSOLUTE
    _printf_longlong_oct                     0x00000000   Number         0  stubs.o ABSOLUTE
    _printf_ls                               0x00000000   Number         0  stubs.o ABSOLUTE
    _printf_mbtowc                           0x00000000   Number         0  stubs.o ABSOLUTE
    _printf_n                                0x00000000   Number         0  stubs.o ABSOLUTE
    _printf_o                                0x00000000   Number         0  stubs.o ABSOLUTE
    _printf_p                                0x00000000   Number         0  stubs.o ABSOLUTE
    _printf_percent                          0x00000000   Number         0  stubs.o ABSOLUTE
    _printf_pre_padding                      0x00000000   Number         0  stubs.o ABSOLUTE
    _printf_return_value                     0x00000000   Number         0  stubs.o ABSOLUTE
    _printf_s                                0x00000000   Number         0  stubs.o ABSOLUTE
    _printf_sizespec                         0x00000000   Number         0  stubs.o ABSOLUTE
    _printf_str                              0x00000000   Number         0  stubs.o ABSOLUTE
    _printf_truncate_signed                  0x00000000   Number         0  stubs.o ABSOLUTE
    _printf_truncate_unsigned                0x00000000   Number         0  stubs.o ABSOLUTE
    _printf_u                                0x00000000   Number         0  stubs.o ABSOLUTE
    _printf_wc                               0x00000000   Number         0  stubs.o ABSOLUTE
    _printf_wctomb                           0x00000000   Number         0  stubs.o ABSOLUTE
    _printf_widthprec                        0x00000000   Number         0  stubs.o ABSOLUTE
    _printf_x                                0x00000000   Number         0  stubs.o ABSOLUTE
    __cpp_initialize__aeabi_                  - Undefined Weak Reference
    __cxa_finalize                            - Undefined Weak Reference
    __decompress                              - Undefined Weak Reference
    _clock_init                               - Undefined Weak Reference
    _microlib_exit                            - Undefined Weak Reference
    __Vectors_Size                           0x00000188   Number         0  startup_stm32f407xx.o ABSOLUTE
    __Vectors                                0x08000000   Data           4  startup_stm32f407xx.o(RESET)
    __Vectors_End                            0x08000188   Data           0  startup_stm32f407xx.o(RESET)
    __main                                   0x08000189   Thumb Code     0  entry.o(.ARM.Collect$$$$00000000)
    _main_stk                                0x08000189   Thumb Code     0  entry2.o(.ARM.Collect$$$$00000001)
    _main_scatterload                        0x0800018d   Thumb Code     0  entry5.o(.ARM.Collect$$$$00000004)
    __main_after_scatterload                 0x08000191   Thumb Code     0  entry5.o(.ARM.Collect$$$$00000004)
    _main_clock                              0x08000191   Thumb Code     0  entry7b.o(.ARM.Collect$$$$00000008)
    _main_cpp_init                           0x08000191   Thumb Code     0  entry8b.o(.ARM.Collect$$$$0000000A)
    _main_init                               0x08000191   Thumb Code     0  entry9a.o(.ARM.Collect$$$$0000000B)
    __rt_final_cpp                           0x08000199   Thumb Code     0  entry10a.o(.ARM.Collect$$$$0000000D)
    __rt_final_exit                          0x08000199   Thumb Code     0  entry11a.o(.ARM.Collect$$$$0000000F)
    Reset_Handler                            0x0800019d   Thumb Code     8  startup_stm32f407xx.o(.text)
    ADC_IRQHandler                           0x080001b7   Thumb Code     0  startup_stm32f407xx.o(.text)
    CAN1_RX0_IRQHandler                      0x080001b7   Thumb Code     0  startup_stm32f407xx.o(.text)
    CAN1_RX1_IRQHandler                      0x080001b7   Thumb Code     0  startup_stm32f407xx.o(.text)
    CAN1_SCE_IRQHandler                      0x080001b7   Thumb Code     0  startup_stm32f407xx.o(.text)
    CAN1_TX_IRQHandler                       0x080001b7   Thumb Code     0  startup_stm32f407xx.o(.text)
    CAN2_RX0_IRQHandler                      0x080001b7   Thumb Code     0  startup_stm32f407xx.o(.text)
    CAN2_RX1_IRQHandler                      0x080001b7   Thumb Code     0  startup_stm32f407xx.o(.text)
    CAN2_SCE_IRQHandler                      0x080001b7   Thumb Code     0  startup_stm32f407xx.o(.text)
    CAN2_TX_IRQHandler                       0x080001b7   Thumb Code     0  startup_stm32f407xx.o(.text)
    DCMI_IRQHandler                          0x080001b7   Thumb Code     0  startup_stm32f407xx.o(.text)
    DMA1_Stream0_IRQHandler                  0x080001b7   Thumb Code     0  startup_stm32f407xx.o(.text)
    DMA1_Stream5_IRQHandler                  0x080001b7   Thumb Code     0  startup_stm32f407xx.o(.text)
    DMA1_Stream6_IRQHandler                  0x080001b7   Thumb Code     0  startup_stm32f407xx.o(.text)
    DMA1_Stream7_IRQHandler                  0x080001b7   Thumb Code     0  startup_stm32f407xx.o(.text)
    DMA2_Stream0_IRQHandler                  0x080001b7   Thumb Code     0  startup_stm32f407xx.o(.text)
    DMA2_Stream1_IRQHandler                  0x080001b7   Thumb Code     0  startup_stm32f407xx.o(.text)
    DMA2_Stream2_IRQHandler                  0x080001b7   Thumb Code     0  startup_stm32f407xx.o(.text)
    DMA2_Stream3_IRQHandler                  0x080001b7   Thumb Code     0  startup_stm32f407xx.o(.text)
    DMA2_Stream4_IRQHandler                  0x080001b7   Thumb Code     0  startup_stm32f407xx.o(.text)
    DMA2_Stream5_IRQHandler                  0x080001b7   Thumb Code     0  startup_stm32f407xx.o(.text)
    DMA2_Stream6_IRQHandler                  0x080001b7   Thumb Code     0  startup_stm32f407xx.o(.text)
    DMA2_Stream7_IRQHandler                  0x080001b7   Thumb Code     0  startup_stm32f407xx.o(.text)
    ETH_IRQHandler                           0x080001b7   Thumb Code     0  startup_stm32f407xx.o(.text)
    ETH_WKUP_IRQHandler                      0x080001b7   Thumb Code     0  startup_stm32f407xx.o(.text)
    EXTI0_IRQHandler                         0x080001b7   Thumb Code     0  startup_stm32f407xx.o(.text)
    EXTI15_10_IRQHandler                     0x080001b7   Thumb Code     0  startup_stm32f407xx.o(.text)
    EXTI1_IRQHandler                         0x080001b7   Thumb Code     0  startup_stm32f407xx.o(.text)
    EXTI2_IRQHandler                         0x080001b7   Thumb Code     0  startup_stm32f407xx.o(.text)
    EXTI3_IRQHandler                         0x080001b7   Thumb Code     0  startup_stm32f407xx.o(.text)
    EXTI4_IRQHandler                         0x080001b7   Thumb Code     0  startup_stm32f407xx.o(.text)
    EXTI9_5_IRQHandler                       0x080001b7   Thumb Code     0  startup_stm32f407xx.o(.text)
    FLASH_IRQHandler                         0x080001b7   Thumb Code     0  startup_stm32f407xx.o(.text)
    FMC_IRQHandler                           0x080001b7   Thumb Code     0  startup_stm32f407xx.o(.text)
    FPU_IRQHandler                           0x080001b7   Thumb Code     0  startup_stm32f407xx.o(.text)
    HASH_RNG_IRQHandler                      0x080001b7   Thumb Code     0  startup_stm32f407xx.o(.text)
    I2C1_ER_IRQHandler                       0x080001b7   Thumb Code     0  startup_stm32f407xx.o(.text)
    I2C1_EV_IRQHandler                       0x080001b7   Thumb Code     0  startup_stm32f407xx.o(.text)
    I2C2_ER_IRQHandler                       0x080001b7   Thumb Code     0  startup_stm32f407xx.o(.text)
    I2C2_EV_IRQHandler                       0x080001b7   Thumb Code     0  startup_stm32f407xx.o(.text)
    I2C3_ER_IRQHandler                       0x080001b7   Thumb Code     0  startup_stm32f407xx.o(.text)
    I2C3_EV_IRQHandler                       0x080001b7   Thumb Code     0  startup_stm32f407xx.o(.text)
    OTG_FS_WKUP_IRQHandler                   0x080001b7   Thumb Code     0  startup_stm32f407xx.o(.text)
    OTG_HS_EP1_IN_IRQHandler                 0x080001b7   Thumb Code     0  startup_stm32f407xx.o(.text)
    OTG_HS_EP1_OUT_IRQHandler                0x080001b7   Thumb Code     0  startup_stm32f407xx.o(.text)
    OTG_HS_IRQHandler                        0x080001b7   Thumb Code     0  startup_stm32f407xx.o(.text)
    OTG_HS_WKUP_IRQHandler                   0x080001b7   Thumb Code     0  startup_stm32f407xx.o(.text)
    PVD_IRQHandler                           0x080001b7   Thumb Code     0  startup_stm32f407xx.o(.text)
    RCC_IRQHandler                           0x080001b7   Thumb Code     0  startup_stm32f407xx.o(.text)
    RTC_Alarm_IRQHandler                     0x080001b7   Thumb Code     0  startup_stm32f407xx.o(.text)
    RTC_WKUP_IRQHandler                      0x080001b7   Thumb Code     0  startup_stm32f407xx.o(.text)
    SDIO_IRQHandler                          0x080001b7   Thumb Code     0  startup_stm32f407xx.o(.text)
    SPI1_IRQHandler                          0x080001b7   Thumb Code     0  startup_stm32f407xx.o(.text)
    SPI2_IRQHandler                          0x080001b7   Thumb Code     0  startup_stm32f407xx.o(.text)
    SPI3_IRQHandler                          0x080001b7   Thumb Code     0  startup_stm32f407xx.o(.text)
    TAMP_STAMP_IRQHandler                    0x080001b7   Thumb Code     0  startup_stm32f407xx.o(.text)
    TIM1_BRK_TIM9_IRQHandler                 0x080001b7   Thumb Code     0  startup_stm32f407xx.o(.text)
    TIM1_CC_IRQHandler                       0x080001b7   Thumb Code     0  startup_stm32f407xx.o(.text)
    TIM1_TRG_COM_TIM11_IRQHandler            0x080001b7   Thumb Code     0  startup_stm32f407xx.o(.text)
    TIM1_UP_TIM10_IRQHandler                 0x080001b7   Thumb Code     0  startup_stm32f407xx.o(.text)
    TIM2_IRQHandler                          0x080001b7   Thumb Code     0  startup_stm32f407xx.o(.text)
    TIM3_IRQHandler                          0x080001b7   Thumb Code     0  startup_stm32f407xx.o(.text)
    TIM4_IRQHandler                          0x080001b7   Thumb Code     0  startup_stm32f407xx.o(.text)
    TIM5_IRQHandler                          0x080001b7   Thumb Code     0  startup_stm32f407xx.o(.text)
    TIM6_DAC_IRQHandler                      0x080001b7   Thumb Code     0  startup_stm32f407xx.o(.text)
    TIM7_IRQHandler                          0x080001b7   Thumb Code     0  startup_stm32f407xx.o(.text)
    TIM8_BRK_TIM12_IRQHandler                0x080001b7   Thumb Code     0  startup_stm32f407xx.o(.text)
    TIM8_CC_IRQHandler                       0x080001b7   Thumb Code     0  startup_stm32f407xx.o(.text)
    TIM8_TRG_COM_TIM14_IRQHandler            0x080001b7   Thumb Code     0  startup_stm32f407xx.o(.text)
    TIM8_UP_TIM13_IRQHandler                 0x080001b7   Thumb Code     0  startup_stm32f407xx.o(.text)
    UART5_IRQHandler                         0x080001b7   Thumb Code     0  startup_stm32f407xx.o(.text)
    USART1_IRQHandler                        0x080001b7   Thumb Code     0  startup_stm32f407xx.o(.text)
    USART2_IRQHandler                        0x080001b7   Thumb Code     0  startup_stm32f407xx.o(.text)
    USART6_IRQHandler                        0x080001b7   Thumb Code     0  startup_stm32f407xx.o(.text)
    WWDG_IRQHandler                          0x080001b7   Thumb Code     0  startup_stm32f407xx.o(.text)
    __aeabi_uldivmod                         0x080001c1   Thumb Code    98  uldiv.o(.text)
    __aeabi_memcpy                           0x08000223   Thumb Code    36  memcpya.o(.text)
    __aeabi_memcpy4                          0x08000223   Thumb Code     0  memcpya.o(.text)
    __aeabi_memcpy8                          0x08000223   Thumb Code     0  memcpya.o(.text)
    __aeabi_memset                           0x08000247   Thumb Code    14  memseta.o(.text)
    __aeabi_memset4                          0x08000247   Thumb Code     0  memseta.o(.text)
    __aeabi_memset8                          0x08000247   Thumb Code     0  memseta.o(.text)
    __aeabi_memclr                           0x08000255   Thumb Code     4  memseta.o(.text)
    __aeabi_memclr4                          0x08000255   Thumb Code     0  memseta.o(.text)
    __aeabi_memclr8                          0x08000255   Thumb Code     0  memseta.o(.text)
    _memset$wrapper                          0x08000259   Thumb Code    18  memseta.o(.text)
    __aeabi_uidiv                            0x0800026b   Thumb Code     0  uidiv.o(.text)
    __aeabi_uidivmod                         0x0800026b   Thumb Code    44  uidiv.o(.text)
    __aeabi_llsl                             0x08000297   Thumb Code    30  llshl.o(.text)
    _ll_shift_l                              0x08000297   Thumb Code     0  llshl.o(.text)
    __aeabi_llsr                             0x080002b5   Thumb Code    32  llushr.o(.text)
    _ll_ushift_r                             0x080002b5   Thumb Code     0  llushr.o(.text)
    __scatterload                            0x080002d5   Thumb Code    28  init.o(.text)
    __scatterload_rt2                        0x080002d5   Thumb Code     0  init.o(.text)
    BusFault_Handler                         0x080002f9   Thumb Code     2  stm32f4xx_it.o(i.BusFault_Handler)
    DMA1_Stream1_IRQHandler                  0x080002fd   Thumb Code     6  stm32f4xx_it.o(i.DMA1_Stream1_IRQHandler)
    DMA1_Stream2_IRQHandler                  0x08000309   Thumb Code     6  stm32f4xx_it.o(i.DMA1_Stream2_IRQHandler)
    DMA1_Stream3_IRQHandler                  0x08000315   Thumb Code     6  stm32f4xx_it.o(i.DMA1_Stream3_IRQHandler)
    DMA1_Stream4_IRQHandler                  0x08000321   Thumb Code     6  stm32f4xx_it.o(i.DMA1_Stream4_IRQHandler)
    Data_Turn                                0x080003d1   Thumb Code    88  uar.o(i.Data_Turn)
    DebugMon_Handler                         0x080004b1   Thumb Code     2  stm32f4xx_it.o(i.DebugMon_Handler)
    HAL_DMA_Abort                            0x080004b3   Thumb Code   142  stm32f4xx_hal_dma.o(i.HAL_DMA_Abort)
    HAL_DMA_Abort_IT                         0x08000541   Thumb Code    36  stm32f4xx_hal_dma.o(i.HAL_DMA_Abort_IT)
    HAL_DMA_IRQHandler                       0x08000565   Thumb Code   412  stm32f4xx_hal_dma.o(i.HAL_DMA_IRQHandler)
    HAL_DMA_Init                             0x08000705   Thumb Code   206  stm32f4xx_hal_dma.o(i.HAL_DMA_Init)
    HAL_DMA_Start_IT                         0x080007d9   Thumb Code   120  stm32f4xx_hal_dma.o(i.HAL_DMA_Start_IT)
    HAL_Delay                                0x08000851   Thumb Code    32  stm32f4xx_hal.o(i.HAL_Delay)
    HAL_GPIO_Init                            0x08000875   Thumb Code   388  stm32f4xx_hal_gpio.o(i.HAL_GPIO_Init)
    HAL_GPIO_WritePin                        0x08000a25   Thumb Code    10  stm32f4xx_hal_gpio.o(i.HAL_GPIO_WritePin)
    HAL_GetTick                              0x08000a31   Thumb Code     6  stm32f4xx_hal.o(i.HAL_GetTick)
    HAL_HCD_Connect_Callback                 0x08000a3d   Thumb Code     8  usbh_conf.o(i.HAL_HCD_Connect_Callback)
    HAL_HCD_Disconnect_Callback              0x08000a45   Thumb Code     8  usbh_conf.o(i.HAL_HCD_Disconnect_Callback)
    HAL_HCD_GetCurrentFrame                  0x08000a4d   Thumb Code     6  stm32f4xx_hal_hcd.o(i.HAL_HCD_GetCurrentFrame)
    HAL_HCD_GetCurrentSpeed                  0x08000a53   Thumb Code     6  stm32f4xx_hal_hcd.o(i.HAL_HCD_GetCurrentSpeed)
    HAL_HCD_HC_GetURBState                   0x08000a59   Thumb Code    14  stm32f4xx_hal_hcd.o(i.HAL_HCD_HC_GetURBState)
    HAL_HCD_HC_Halt                          0x08000a67   Thumb Code    36  stm32f4xx_hal_hcd.o(i.HAL_HCD_HC_Halt)
    HAL_HCD_HC_Init                          0x08000a8b   Thumb Code    84  stm32f4xx_hal_hcd.o(i.HAL_HCD_HC_Init)
    HAL_HCD_HC_NotifyURBChange_Callback      0x08000adf   Thumb Code     2  usbh_conf.o(i.HAL_HCD_HC_NotifyURBChange_Callback)
    HAL_HCD_HC_SubmitRequest                 0x08000ae1   Thumb Code   182  stm32f4xx_hal_hcd.o(i.HAL_HCD_HC_SubmitRequest)
    HAL_HCD_IRQHandler                       0x08000b99   Thumb Code   302  stm32f4xx_hal_hcd.o(i.HAL_HCD_IRQHandler)
    HAL_HCD_Init                             0x08000cc7   Thumb Code    90  stm32f4xx_hal_hcd.o(i.HAL_HCD_Init)
    HAL_HCD_MspInit                          0x08000d21   Thumb Code   114  usbh_conf.o(i.HAL_HCD_MspInit)
    HAL_HCD_ResetPort                        0x08000d9d   Thumb Code     6  stm32f4xx_hal_hcd.o(i.HAL_HCD_ResetPort)
    HAL_HCD_SOF_Callback                     0x08000da3   Thumb Code     8  usbh_conf.o(i.HAL_HCD_SOF_Callback)
    HAL_HCD_Start                            0x08000dab   Thumb Code    44  stm32f4xx_hal_hcd.o(i.HAL_HCD_Start)
    HAL_HCD_Stop                             0x08000dd7   Thumb Code    36  stm32f4xx_hal_hcd.o(i.HAL_HCD_Stop)
    HAL_IncTick                              0x08000dfd   Thumb Code    12  stm32f4xx_hal.o(i.HAL_IncTick)
    HAL_Init                                 0x08000e0d   Thumb Code    48  stm32f4xx_hal.o(i.HAL_Init)
    HAL_InitTick                             0x08000e41   Thumb Code    54  stm32f4xx_hal.o(i.HAL_InitTick)
    HAL_MspInit                              0x08000e81   Thumb Code   126  stm32f4xx_hal_msp.o(i.HAL_MspInit)
    HAL_NVIC_EnableIRQ                       0x08000f05   Thumb Code    22  stm32f4xx_hal_cortex.o(i.HAL_NVIC_EnableIRQ)
    HAL_NVIC_SetPriority                     0x08000f1d   Thumb Code    60  stm32f4xx_hal_cortex.o(i.HAL_NVIC_SetPriority)
    HAL_NVIC_SetPriorityGrouping             0x08000f5d   Thumb Code    26  stm32f4xx_hal_cortex.o(i.HAL_NVIC_SetPriorityGrouping)
    HAL_RCC_ClockConfig                      0x08000f81   Thumb Code   286  stm32f4xx_hal_rcc.o(i.HAL_RCC_ClockConfig)
    HAL_RCC_GetHCLKFreq                      0x080010b1   Thumb Code     6  stm32f4xx_hal_rcc.o(i.HAL_RCC_GetHCLKFreq)
    HAL_RCC_GetPCLK1Freq                     0x080010bd   Thumb Code    20  stm32f4xx_hal_rcc.o(i.HAL_RCC_GetPCLK1Freq)
    HAL_RCC_GetPCLK2Freq                     0x080010dd   Thumb Code    20  stm32f4xx_hal_rcc.o(i.HAL_RCC_GetPCLK2Freq)
    HAL_RCC_GetSysClockFreq                  0x080010fd   Thumb Code    88  stm32f4xx_hal_rcc.o(i.HAL_RCC_GetSysClockFreq)
    HAL_RCC_OscConfig                        0x0800115d   Thumb Code   770  stm32f4xx_hal_rcc.o(i.HAL_RCC_OscConfig)
    HAL_SYSTICK_CLKSourceConfig              0x08001479   Thumb Code    24  stm32f4xx_hal_cortex.o(i.HAL_SYSTICK_CLKSourceConfig)
    HAL_SYSTICK_Callback                     0x08001491   Thumb Code     2  stm32f4xx_hal_cortex.o(i.HAL_SYSTICK_Callback)
    HAL_SYSTICK_Config                       0x08001493   Thumb Code    40  stm32f4xx_hal_cortex.o(i.HAL_SYSTICK_Config)
    HAL_SYSTICK_IRQHandler                   0x080014bb   Thumb Code     8  stm32f4xx_hal_cortex.o(i.HAL_SYSTICK_IRQHandler)
    HAL_UART_DMAStop                         0x080014c3   Thumb Code    88  stm32f4xx_hal_uart.o(i.HAL_UART_DMAStop)
    HAL_UART_ErrorCallback                   0x0800151b   Thumb Code     2  stm32f4xx_hal_uart.o(i.HAL_UART_ErrorCallback)
    HAL_UART_IRQHandler                      0x0800151d   Thumb Code   266  stm32f4xx_hal_uart.o(i.HAL_UART_IRQHandler)
    HAL_UART_Init                            0x0800162d   Thumb Code    98  stm32f4xx_hal_uart.o(i.HAL_UART_Init)
    HAL_UART_MspInit                         0x08001691   Thumb Code   338  stm32f4xx_hal_msp.o(i.HAL_UART_MspInit)
    HAL_UART_Receive_DMA                     0x08001829   Thumb Code   138  stm32f4xx_hal_uart.o(i.HAL_UART_Receive_DMA)
    HAL_UART_Receive_IT                      0x080018c1   Thumb Code    72  stm32f4xx_hal_uart.o(i.HAL_UART_Receive_IT)
    HAL_UART_RxCpltCallback                  0x08001909   Thumb Code    60  main.o(i.HAL_UART_RxCpltCallback)
    HAL_UART_RxHalfCpltCallback              0x0800194d   Thumb Code     2  stm32f4xx_hal_uart.o(i.HAL_UART_RxHalfCpltCallback)
    HAL_UART_Transmit                        0x0800194f   Thumb Code   186  stm32f4xx_hal_uart.o(i.HAL_UART_Transmit)
    HAL_UART_Transmit_DMA                    0x08001a09   Thumb Code   114  stm32f4xx_hal_uart.o(i.HAL_UART_Transmit_DMA)
    HAL_UART_TxCpltCallback                  0x08001a89   Thumb Code     2  stm32f4xx_hal_uart.o(i.HAL_UART_TxCpltCallback)
    HAL_UART_TxHalfCpltCallback              0x08001a8b   Thumb Code     2  stm32f4xx_hal_uart.o(i.HAL_UART_TxHalfCpltCallback)
    HardFault_Handler                        0x08001ff1   Thumb Code     2  stm32f4xx_it.o(i.HardFault_Handler)
    MX_USB_HOST_Init                         0x08002175   Thumb Code    30  usb_host.o(i.MX_USB_HOST_Init)
    MX_USB_HOST_Process                      0x080021a1   Thumb Code     6  usb_host.o(i.MX_USB_HOST_Process)
    MemManage_Handler                        0x080021ad   Thumb Code     2  stm32f4xx_it.o(i.MemManage_Handler)
    NMI_Handler                              0x080021af   Thumb Code     2  stm32f4xx_it.o(i.NMI_Handler)
    OTG_FS_IRQHandler                        0x080021d1   Thumb Code     6  stm32f4xx_it.o(i.OTG_FS_IRQHandler)
    PendSV_Handler                           0x080021dd   Thumb Code     2  stm32f4xx_it.o(i.PendSV_Handler)
    SVC_Handler                              0x080021df   Thumb Code     2  stm32f4xx_it.o(i.SVC_Handler)
    SysTick_Handler                          0x080021e1   Thumb Code    14  stm32f4xx_it.o(i.SysTick_Handler)
    SystemClock_Config                       0x080021f1   Thumb Code   150  main.o(i.SystemClock_Config)
    SystemInit                               0x08002291   Thumb Code    66  system_stm32f4xx.o(i.SystemInit)
    UART4_IRQHandler                         0x080022e5   Thumb Code     6  stm32f4xx_it.o(i.UART4_IRQHandler)
    USART3_IRQHandler                        0x080027f9   Thumb Code    62  stm32f4xx_it.o(i.USART3_IRQHandler)
    USBH_AllocPipe                           0x0800284d   Thumb Code    52  usbh_pipes.o(i.USBH_AllocPipe)
    USBH_ClosePipe                           0x08002881   Thumb Code    10  usbh_pipes.o(i.USBH_ClosePipe)
    USBH_ClrFeature                          0x0800288b   Thumb Code    30  usbh_ctlreq.o(i.USBH_ClrFeature)
    USBH_CtlReceiveData                      0x080028a9   Thumb Code    30  usbh_ioreq.o(i.USBH_CtlReceiveData)
    USBH_CtlReq                              0x080028c7   Thumb Code    54  usbh_ctlreq.o(i.USBH_CtlReq)
    USBH_CtlSendData                         0x080028fd   Thumb Code    40  usbh_ioreq.o(i.USBH_CtlSendData)
    USBH_CtlSendSetup                        0x08002925   Thumb Code    30  usbh_ioreq.o(i.USBH_CtlSendSetup)
    USBH_Delay                               0x08002943   Thumb Code     4  usbh_conf.o(i.USBH_Delay)
    USBH_FindInterface                       0x08002947   Thumb Code    68  usbh_core.o(i.USBH_FindInterface)
    USBH_FreePipe                            0x0800298b   Thumb Code    24  usbh_pipes.o(i.USBH_FreePipe)
    USBH_GetDescriptor                       0x080029a3   Thumb Code    52  usbh_ctlreq.o(i.USBH_GetDescriptor)
    USBH_GetNextDesc                         0x080029d7   Thumb Code    14  usbh_ctlreq.o(i.USBH_GetNextDesc)
    USBH_Get_CfgDesc                         0x080029e5   Thumb Code    44  usbh_ctlreq.o(i.USBH_Get_CfgDesc)
    USBH_Get_DevDesc                         0x08002a11   Thumb Code   154  usbh_ctlreq.o(i.USBH_Get_DevDesc)
    USBH_Get_StringDesc                      0x08002aab   Thumb Code    72  usbh_ctlreq.o(i.USBH_Get_StringDesc)
    USBH_HID_EventCallback                   0x08002b9f   Thumb Code     2  usbh_hid.o(i.USBH_HID_EventCallback)
    USBH_HID_GetHIDDescriptor                0x08002ba1   Thumb Code    20  usbh_hid.o(i.USBH_HID_GetHIDDescriptor)
    USBH_HID_GetHIDReportDescriptor          0x08002bb5   Thumb Code    20  usbh_hid.o(i.USBH_HID_GetHIDReportDescriptor)
    USBH_HID_GetReport                       0x08002bc9   Thumb Code    34  usbh_hid.o(i.USBH_HID_GetReport)
    USBH_HID_KeybdInit                       0x08002d8d   Thumb Code    76  usbh_hid_keybd.o(i.USBH_HID_KeybdInit)
    USBH_HID_MouseInit                       0x08002de1   Thumb Code    56  usbh_hid_mouse.o(i.USBH_HID_MouseInit)
    USBH_HID_SetIdle                         0x08002efb   Thumb Code    26  usbh_hid.o(i.USBH_HID_SetIdle)
    USBH_HID_SetProtocol                     0x08002f15   Thumb Code    30  usbh_hid.o(i.USBH_HID_SetProtocol)
    USBH_Init                                0x080031a3   Thumb Code    48  usbh_core.o(i.USBH_Init)
    USBH_InterruptReceiveData                0x080031d3   Thumb Code    32  usbh_ioreq.o(i.USBH_InterruptReceiveData)
    USBH_LL_ClosePipe                        0x080031f3   Thumb Code    32  usbh_conf.o(i.USBH_LL_ClosePipe)
    USBH_LL_Connect                          0x08003213   Thumb Code    40  usbh_core.o(i.USBH_LL_Connect)
    USBH_LL_Disconnect                       0x0800323b   Thumb Code    56  usbh_core.o(i.USBH_LL_Disconnect)
    USBH_LL_DriverVBUS                       0x08003273   Thumb Code    12  usbh_conf.o(i.USBH_LL_DriverVBUS)
    USBH_LL_GetSpeed                         0x0800327f   Thumb Code    34  usbh_conf.o(i.USBH_LL_GetSpeed)
    USBH_LL_GetURBState                      0x080032a1   Thumb Code     8  usbh_conf.o(i.USBH_LL_GetURBState)
    USBH_LL_IncTimer                         0x080032a9   Thumb Code    30  usbh_core.o(i.USBH_LL_IncTimer)
    USBH_LL_Init                             0x080032c9   Thumb Code    78  usbh_conf.o(i.USBH_LL_Init)
    USBH_LL_OpenPipe                         0x08003331   Thumb Code    42  usbh_conf.o(i.USBH_LL_OpenPipe)
    USBH_LL_ResetPort                        0x0800335b   Thumb Code    32  usbh_conf.o(i.USBH_LL_ResetPort)
    USBH_LL_SetTimer                         0x0800337b   Thumb Code     6  usbh_core.o(i.USBH_LL_SetTimer)
    USBH_LL_SetToggle                        0x08003381   Thumb Code    32  usbh_conf.o(i.USBH_LL_SetToggle)
    USBH_LL_Start                            0x080033a1   Thumb Code    32  usbh_conf.o(i.USBH_LL_Start)
    USBH_LL_Stop                             0x080033c1   Thumb Code    32  usbh_conf.o(i.USBH_LL_Stop)
    USBH_LL_SubmitURB                        0x080033e1   Thumb Code    48  usbh_conf.o(i.USBH_LL_SubmitURB)
    USBH_OpenPipe                            0x08003411   Thumb Code    20  usbh_pipes.o(i.USBH_OpenPipe)
    USBH_Process                             0x0800350d   Thumb Code   360  usbh_core.o(i.USBH_Process)
    USBH_RegisterClass                       0x08003675   Thumb Code    28  usbh_core.o(i.USBH_RegisterClass)
    USBH_SelectInterface                     0x08003691   Thumb Code    22  usbh_core.o(i.USBH_SelectInterface)
    USBH_SetAddress                          0x080036a7   Thumb Code    28  usbh_ctlreq.o(i.USBH_SetAddress)
    USBH_SetCfg                              0x080036c3   Thumb Code    28  usbh_ctlreq.o(i.USBH_SetCfg)
    USBH_Start                               0x080036df   Thumb Code    20  usbh_core.o(i.USBH_Start)
    USB_CoreInit                             0x0800372d   Thumb Code   104  stm32f4xx_ll_usb.o(i.USB_CoreInit)
    USB_DisableGlobalInt                     0x080037d1   Thumb Code    12  stm32f4xx_ll_usb.o(i.USB_DisableGlobalInt)
    USB_DoPing                               0x080037dd   Thumb Code    60  stm32f4xx_ll_usb.o(i.USB_DoPing)
    USB_DriveVbus                            0x0800381d   Thumb Code    44  stm32f4xx_ll_usb.o(i.USB_DriveVbus)
    USB_EnableGlobalInt                      0x08003849   Thumb Code    12  stm32f4xx_ll_usb.o(i.USB_EnableGlobalInt)
    USB_FlushRxFifo                          0x08003855   Thumb Code    28  stm32f4xx_ll_usb.o(i.USB_FlushRxFifo)
    USB_FlushTxFifo                          0x08003875   Thumb Code    32  stm32f4xx_ll_usb.o(i.USB_FlushTxFifo)
    USB_GetCurrentFrame                      0x08003899   Thumb Code     8  stm32f4xx_ll_usb.o(i.USB_GetCurrentFrame)
    USB_GetHostSpeed                         0x080038a1   Thumb Code    14  stm32f4xx_ll_usb.o(i.USB_GetHostSpeed)
    USB_GetMode                              0x080038af   Thumb Code     8  stm32f4xx_ll_usb.o(i.USB_GetMode)
    USB_HC_Halt                              0x080038b7   Thumb Code   328  stm32f4xx_ll_usb.o(i.USB_HC_Halt)
    USB_HC_Init                              0x08003a01   Thumb Code   234  stm32f4xx_ll_usb.o(i.USB_HC_Init)
    USB_HC_ReadInterrupt                     0x08003aeb   Thumb Code    12  stm32f4xx_ll_usb.o(i.USB_HC_ReadInterrupt)
    USB_HC_StartXfer                         0x08003af9   Thumb Code   386  stm32f4xx_ll_usb.o(i.USB_HC_StartXfer)
    USB_HostInit                             0x08003c81   Thumb Code   192  stm32f4xx_ll_usb.o(i.USB_HostInit)
    USB_InitFSLSPClkSel                      0x08003d55   Thumb Code    54  stm32f4xx_ll_usb.o(i.USB_InitFSLSPClkSel)
    USB_ReadInterrupts                       0x08003d8b   Thumb Code     8  stm32f4xx_ll_usb.o(i.USB_ReadInterrupts)
    USB_ReadPacket                           0x08003d93   Thumb Code    32  stm32f4xx_ll_usb.o(i.USB_ReadPacket)
    USB_ResetPort                            0x08003db3   Thumb Code    44  stm32f4xx_ll_usb.o(i.USB_ResetPort)
    USB_SetCurrentMode                       0x08003ddf   Thumb Code    44  stm32f4xx_ll_usb.o(i.USB_SetCurrentMode)
    USB_StopHost                             0x08003e0b   Thumb Code   178  stm32f4xx_ll_usb.o(i.USB_StopHost)
    USB_WritePacket                          0x08003ebd   Thumb Code    40  stm32f4xx_ll_usb.o(i.USB_WritePacket)
    UsageFault_Handler                       0x08003ee5   Thumb Code     2  stm32f4xx_it.o(i.UsageFault_Handler)
    _Error_Handler                           0x08003ee7   Thumb Code     2  main.o(i._Error_Handler)
    __0printf$3                              0x08003ee9   Thumb Code    22  printf3.o(i.__0printf$3)
    __1printf$3                              0x08003ee9   Thumb Code     0  printf3.o(i.__0printf$3)
    __2printf                                0x08003ee9   Thumb Code     0  printf3.o(i.__0printf$3)
    __scatterload_copy                       0x08003f09   Thumb Code    14  handlers.o(i.__scatterload_copy)
    __scatterload_null                       0x08003f17   Thumb Code     2  handlers.o(i.__scatterload_null)
    __scatterload_zeroinit                   0x08003f19   Thumb Code    14  handlers.o(i.__scatterload_zeroinit)
    fifo_init                                0x080040e1   Thumb Code    14  usbh_hid.o(i.fifo_init)
    fifo_write                               0x080040ef   Thumb Code    80  usbh_hid.o(i.fifo_write)
    fputc                                    0x08004141   Thumb Code    26  usar_fputc.o(i.fputc)
    free                                     0x08004165   Thumb Code    76  malloc.o(i.free)
    main                                     0x080041b5   Thumb Code   144  main.o(i.main)
    malloc                                   0x08004271   Thumb Code    92  malloc.o(i.malloc)
    AHBPrescTable                            0x080042e4   Data          16  system_stm32f4xx.o(.constdata)
    APBPrescTable                            0x080042f4   Data           8  system_stm32f4xx.o(.constdata)
    Region$$Table$$Base                      0x08004300   Number         0  anon$$obj.o(Region$$Table)
    Region$$Table$$Limit                     0x08004320   Number         0  anon$$obj.o(Region$$Table)
    rx_len                                   0x20000000   Data           1  main.o(.data)
    recv_end_flag                            0x20000001   Data           1  main.o(.data)
    BUFFER_SIZE                              0x20000004   Data           1  main.o(.data)
    msg                                      0x20000008   Data           4  main.o(.data)
    flag                                     0x2000000c   Data           4  main.o(.data)
    len_u4                                   0x20000010   Data           4  main.o(.data)
    Appli_state                              0x20000014   Data           1  usb_host.o(.data)
    uwTickFreq                               0x20000018   Data           1  stm32f4xx_hal.o(.data)
    uwTickPrio                               0x2000001c   Data           4  stm32f4xx_hal.o(.data)
    uwTick                                   0x20000020   Data           4  stm32f4xx_hal.o(.data)
    SystemCoreClock                          0x20000024   Data           4  system_stm32f4xx.o(.data)
    HID_Class                                0x20000028   Data          32  usbh_hid.o(.data)
    keybd_report_data                        0x20000048   Data           8  usbh_hid_keybd.o(.data)
    mouse_report_data                        0x20000050   Data           4  usbh_hid_mouse.o(.data)
    mouse_info                               0x20000054   Data           5  usbh_hid_mouse.o(.data)
    ch                                       0x20000059   Data           1  usar_fputc.o(.data)
    ch_r                                     0x2000005a   Data           1  usar_fputc.o(.data)
    __stdout                                 0x2000005c   Data           4  stdout.o(.data)
    __microlib_freelist                      0x20000060   Data           4  mvars.o(.data)
    __microlib_freelist_initialised          0x20000064   Data           4  mvars.o(.data)
    msg_buff                                 0x20000068   Data        1024  main.o(.bss)
    huart4                                   0x20000468   Data          64  main.o(.bss)
    huart3                                   0x200004a8   Data          64  main.o(.bss)
    rx_buffer                                0x200004e8   Data         100  main.o(.bss)
    hdma_uart4_rx                            0x2000054c   Data          96  main.o(.bss)
    hdma_uart4_tx                            0x200005ac   Data          96  main.o(.bss)
    hdma_usart3_rx                           0x2000060c   Data          96  main.o(.bss)
    hdma_usart3_tx                           0x2000066c   Data          96  main.o(.bss)
    hUsbHostFS                               0x200006cc   Data         968  usb_host.o(.bss)
    hhcd_USB_OTG_FS                          0x20000a94   Data         664  usbh_conf.o(.bss)
    keybd_info                               0x20000d2c   Data          15  usbh_hid_keybd.o(.bss)
    __heap_base                              0x20000d40   Data           0  startup_stm32f407xx.o(HEAP)
    __heap_limit                             0x20001140   Data           0  startup_stm32f407xx.o(HEAP)
    __initial_sp                             0x20001940   Data           0  startup_stm32f407xx.o(STACK)



==============================================================================

Memory Map of the image

  Image Entry point : 0x08000189

  Load Region LR_IROM1 (Base: 0x08000000, Size: 0x00004388, Max: 0x00080000, ABSOLUTE)

    Execution Region ER_IROM1 (Exec base: 0x08000000, Load base: 0x08000000, Size: 0x00004320, Max: 0x00080000, ABSOLUTE)

    Exec Addr    Load Addr    Size         Type   Attr      Idx    E Section Name        Object

    0x08000000   0x08000000   0x00000188   Data   RO            3    RESET               startup_stm32f407xx.o
    0x08000188   0x08000188   0x00000000   Code   RO         3069  * .ARM.Collect$$$$00000000  mc_w.l(entry.o)
    0x08000188   0x08000188   0x00000004   Code   RO         3369    .ARM.Collect$$$$00000001  mc_w.l(entry2.o)
    0x0800018c   0x0800018c   0x00000004   Code   RO         3372    .ARM.Collect$$$$00000004  mc_w.l(entry5.o)
    0x08000190   0x08000190   0x00000000   Code   RO         3374    .ARM.Collect$$$$00000008  mc_w.l(entry7b.o)
    0x08000190   0x08000190   0x00000000   Code   RO         3376    .ARM.Collect$$$$0000000A  mc_w.l(entry8b.o)
    0x08000190   0x08000190   0x00000008   Code   RO         3377    .ARM.Collect$$$$0000000B  mc_w.l(entry9a.o)
    0x08000198   0x08000198   0x00000000   Code   RO         3379    .ARM.Collect$$$$0000000D  mc_w.l(entry10a.o)
    0x08000198   0x08000198   0x00000000   Code   RO         3381    .ARM.Collect$$$$0000000F  mc_w.l(entry11a.o)
    0x08000198   0x08000198   0x00000004   Code   RO         3370    .ARM.Collect$$$$00002712  mc_w.l(entry2.o)
    0x0800019c   0x0800019c   0x00000024   Code   RO            4    .text               startup_stm32f407xx.o
    0x080001c0   0x080001c0   0x00000062   Code   RO         3072    .text               mc_w.l(uldiv.o)
    0x08000222   0x08000222   0x00000024   Code   RO         3074    .text               mc_w.l(memcpya.o)
    0x08000246   0x08000246   0x00000024   Code   RO         3076    .text               mc_w.l(memseta.o)
    0x0800026a   0x0800026a   0x0000002c   Code   RO         3384    .text               mc_w.l(uidiv.o)
    0x08000296   0x08000296   0x0000001e   Code   RO         3386    .text               mc_w.l(llshl.o)
    0x080002b4   0x080002b4   0x00000020   Code   RO         3388    .text               mc_w.l(llushr.o)
    0x080002d4   0x080002d4   0x00000024   Code   RO         3403    .text               mc_w.l(init.o)
    0x080002f8   0x080002f8   0x00000002   Code   RO          404    i.BusFault_Handler  stm32f4xx_it.o
    0x080002fa   0x080002fa   0x00000002   PAD
    0x080002fc   0x080002fc   0x0000000c   Code   RO          405    i.DMA1_Stream1_IRQHandler  stm32f4xx_it.o
    0x08000308   0x08000308   0x0000000c   Code   RO          406    i.DMA1_Stream2_IRQHandler  stm32f4xx_it.o
    0x08000314   0x08000314   0x0000000c   Code   RO          407    i.DMA1_Stream3_IRQHandler  stm32f4xx_it.o
    0x08000320   0x08000320   0x0000000c   Code   RO          408    i.DMA1_Stream4_IRQHandler  stm32f4xx_it.o
    0x0800032c   0x0800032c   0x00000028   Code   RO         1827    i.DMA_CalcBaseAndBitshift  stm32f4xx_hal_dma.o
    0x08000354   0x08000354   0x00000054   Code   RO         1828    i.DMA_CheckFifoParam  stm32f4xx_hal_dma.o
    0x080003a8   0x080003a8   0x00000028   Code   RO         1829    i.DMA_SetConfig     stm32f4xx_hal_dma.o
    0x080003d0   0x080003d0   0x00000098   Code   RO         3010    i.Data_Turn         uar.o
    0x08000468   0x08000468   0x00000048   Code   RO         2451    i.DeInitStateMachine  usbh_core.o
    0x080004b0   0x080004b0   0x00000002   Code   RO          409    i.DebugMon_Handler  stm32f4xx_it.o
    0x080004b2   0x080004b2   0x0000008e   Code   RO         1830    i.HAL_DMA_Abort     stm32f4xx_hal_dma.o
    0x08000540   0x08000540   0x00000024   Code   RO         1831    i.HAL_DMA_Abort_IT  stm32f4xx_hal_dma.o
    0x08000564   0x08000564   0x000001a0   Code   RO         1835    i.HAL_DMA_IRQHandler  stm32f4xx_hal_dma.o
    0x08000704   0x08000704   0x000000d4   Code   RO         1836    i.HAL_DMA_Init      stm32f4xx_hal_dma.o
    0x080007d8   0x080007d8   0x00000078   Code   RO         1840    i.HAL_DMA_Start_IT  stm32f4xx_hal_dma.o
    0x08000850   0x08000850   0x00000024   Code   RO         2249    i.HAL_Delay         stm32f4xx_hal.o
    0x08000874   0x08000874   0x000001b0   Code   RO         1723    i.HAL_GPIO_Init     stm32f4xx_hal_gpio.o
    0x08000a24   0x08000a24   0x0000000a   Code   RO         1727    i.HAL_GPIO_WritePin  stm32f4xx_hal_gpio.o
    0x08000a2e   0x08000a2e   0x00000002   PAD
    0x08000a30   0x08000a30   0x0000000c   Code   RO         2255    i.HAL_GetTick       stm32f4xx_hal.o
    0x08000a3c   0x08000a3c   0x00000008   Code   RO          257    i.HAL_HCD_Connect_Callback  usbh_conf.o
    0x08000a44   0x08000a44   0x00000008   Code   RO          258    i.HAL_HCD_Disconnect_Callback  usbh_conf.o
    0x08000a4c   0x08000a4c   0x00000006   Code   RO          562    i.HAL_HCD_GetCurrentFrame  stm32f4xx_hal_hcd.o
    0x08000a52   0x08000a52   0x00000006   Code   RO          563    i.HAL_HCD_GetCurrentSpeed  stm32f4xx_hal_hcd.o
    0x08000a58   0x08000a58   0x0000000e   Code   RO          566    i.HAL_HCD_HC_GetURBState  stm32f4xx_hal_hcd.o
    0x08000a66   0x08000a66   0x00000024   Code   RO          568    i.HAL_HCD_HC_Halt   stm32f4xx_hal_hcd.o
    0x08000a8a   0x08000a8a   0x00000054   Code   RO          569    i.HAL_HCD_HC_Init   stm32f4xx_hal_hcd.o
    0x08000ade   0x08000ade   0x00000002   Code   RO          259    i.HAL_HCD_HC_NotifyURBChange_Callback  usbh_conf.o
    0x08000ae0   0x08000ae0   0x000000b6   Code   RO          571    i.HAL_HCD_HC_SubmitRequest  stm32f4xx_hal_hcd.o
    0x08000b96   0x08000b96   0x00000002   PAD
    0x08000b98   0x08000b98   0x0000012e   Code   RO          572    i.HAL_HCD_IRQHandler  stm32f4xx_hal_hcd.o
    0x08000cc6   0x08000cc6   0x0000005a   Code   RO          573    i.HAL_HCD_Init      stm32f4xx_hal_hcd.o
    0x08000d20   0x08000d20   0x0000007c   Code   RO          261    i.HAL_HCD_MspInit   usbh_conf.o
    0x08000d9c   0x08000d9c   0x00000006   Code   RO          576    i.HAL_HCD_ResetPort  stm32f4xx_hal_hcd.o
    0x08000da2   0x08000da2   0x00000008   Code   RO          262    i.HAL_HCD_SOF_Callback  usbh_conf.o
    0x08000daa   0x08000daa   0x0000002c   Code   RO          578    i.HAL_HCD_Start     stm32f4xx_hal_hcd.o
    0x08000dd6   0x08000dd6   0x00000024   Code   RO          579    i.HAL_HCD_Stop      stm32f4xx_hal_hcd.o
    0x08000dfa   0x08000dfa   0x00000002   PAD
    0x08000dfc   0x08000dfc   0x00000010   Code   RO         2259    i.HAL_IncTick       stm32f4xx_hal.o
    0x08000e0c   0x08000e0c   0x00000034   Code   RO         2260    i.HAL_Init          stm32f4xx_hal.o
    0x08000e40   0x08000e40   0x00000040   Code   RO         2261    i.HAL_InitTick      stm32f4xx_hal.o
    0x08000e80   0x08000e80   0x00000084   Code   RO          522    i.HAL_MspInit       stm32f4xx_hal_msp.o
    0x08000f04   0x08000f04   0x00000016   Code   RO         2112    i.HAL_NVIC_EnableIRQ  stm32f4xx_hal_cortex.o
    0x08000f1a   0x08000f1a   0x00000002   PAD
    0x08000f1c   0x08000f1c   0x00000040   Code   RO         2118    i.HAL_NVIC_SetPriority  stm32f4xx_hal_cortex.o
    0x08000f5c   0x08000f5c   0x00000024   Code   RO         2119    i.HAL_NVIC_SetPriorityGrouping  stm32f4xx_hal_cortex.o
    0x08000f80   0x08000f80   0x00000130   Code   RO         1369    i.HAL_RCC_ClockConfig  stm32f4xx_hal_rcc.o
    0x080010b0   0x080010b0   0x0000000c   Code   RO         1374    i.HAL_RCC_GetHCLKFreq  stm32f4xx_hal_rcc.o
    0x080010bc   0x080010bc   0x00000020   Code   RO         1376    i.HAL_RCC_GetPCLK1Freq  stm32f4xx_hal_rcc.o
    0x080010dc   0x080010dc   0x00000020   Code   RO         1377    i.HAL_RCC_GetPCLK2Freq  stm32f4xx_hal_rcc.o
    0x080010fc   0x080010fc   0x00000060   Code   RO         1378    i.HAL_RCC_GetSysClockFreq  stm32f4xx_hal_rcc.o
    0x0800115c   0x0800115c   0x0000031c   Code   RO         1381    i.HAL_RCC_OscConfig  stm32f4xx_hal_rcc.o
    0x08001478   0x08001478   0x00000018   Code   RO         2121    i.HAL_SYSTICK_CLKSourceConfig  stm32f4xx_hal_cortex.o
    0x08001490   0x08001490   0x00000002   Code   RO         2122    i.HAL_SYSTICK_Callback  stm32f4xx_hal_cortex.o
    0x08001492   0x08001492   0x00000028   Code   RO         2123    i.HAL_SYSTICK_Config  stm32f4xx_hal_cortex.o
    0x080014ba   0x080014ba   0x00000008   Code   RO         2124    i.HAL_SYSTICK_IRQHandler  stm32f4xx_hal_cortex.o
    0x080014c2   0x080014c2   0x00000058   Code   RO         1061    i.HAL_UART_DMAStop  stm32f4xx_hal_uart.o
    0x0800151a   0x0800151a   0x00000002   Code   RO         1063    i.HAL_UART_ErrorCallback  stm32f4xx_hal_uart.o
    0x0800151c   0x0800151c   0x00000110   Code   RO         1066    i.HAL_UART_IRQHandler  stm32f4xx_hal_uart.o
    0x0800162c   0x0800162c   0x00000062   Code   RO         1067    i.HAL_UART_Init     stm32f4xx_hal_uart.o
    0x0800168e   0x0800168e   0x00000002   PAD
    0x08001690   0x08001690   0x00000198   Code   RO          524    i.HAL_UART_MspInit  stm32f4xx_hal_msp.o
    0x08001828   0x08001828   0x00000098   Code   RO         1071    i.HAL_UART_Receive_DMA  stm32f4xx_hal_uart.o
    0x080018c0   0x080018c0   0x00000048   Code   RO         1072    i.HAL_UART_Receive_IT  stm32f4xx_hal_uart.o
    0x08001908   0x08001908   0x00000044   Code   RO           13    i.HAL_UART_RxCpltCallback  main.o
    0x0800194c   0x0800194c   0x00000002   Code   RO         1074    i.HAL_UART_RxHalfCpltCallback  stm32f4xx_hal_uart.o
    0x0800194e   0x0800194e   0x000000ba   Code   RO         1075    i.HAL_UART_Transmit  stm32f4xx_hal_uart.o
    0x08001a08   0x08001a08   0x00000080   Code   RO         1076    i.HAL_UART_Transmit_DMA  stm32f4xx_hal_uart.o
    0x08001a88   0x08001a88   0x00000002   Code   RO         1078    i.HAL_UART_TxCpltCallback  stm32f4xx_hal_uart.o
    0x08001a8a   0x08001a8a   0x00000002   Code   RO         1079    i.HAL_UART_TxHalfCpltCallback  stm32f4xx_hal_uart.o
    0x08001a8c   0x08001a8c   0x00000232   Code   RO          580    i.HCD_HC_IN_IRQHandler  stm32f4xx_hal_hcd.o
    0x08001cbe   0x08001cbe   0x00000216   Code   RO          581    i.HCD_HC_OUT_IRQHandler  stm32f4xx_hal_hcd.o
    0x08001ed4   0x08001ed4   0x000000ac   Code   RO          582    i.HCD_Port_IRQHandler  stm32f4xx_hal_hcd.o
    0x08001f80   0x08001f80   0x00000070   Code   RO          583    i.HCD_RXQLVL_IRQHandler  stm32f4xx_hal_hcd.o
    0x08001ff0   0x08001ff0   0x00000002   Code   RO          410    i.HardFault_Handler  stm32f4xx_it.o
    0x08001ff2   0x08001ff2   0x00000002   PAD
    0x08001ff4   0x08001ff4   0x0000005c   Code   RO           14    i.MX_DMA_Init       main.o
    0x08002050   0x08002050   0x000000d4   Code   RO           15    i.MX_GPIO_Init      main.o
    0x08002124   0x08002124   0x00000050   Code   RO           16    i.MX_USART3_UART_Init  main.o
    0x08002174   0x08002174   0x0000002c   Code   RO          208    i.MX_USB_HOST_Init  usb_host.o
    0x080021a0   0x080021a0   0x0000000c   Code   RO          209    i.MX_USB_HOST_Process  usb_host.o
    0x080021ac   0x080021ac   0x00000002   Code   RO          411    i.MemManage_Handler  stm32f4xx_it.o
    0x080021ae   0x080021ae   0x00000002   Code   RO          412    i.NMI_Handler       stm32f4xx_it.o
    0x080021b0   0x080021b0   0x00000020   Code   RO         2125    i.NVIC_SetPriority  stm32f4xx_hal_cortex.o
    0x080021d0   0x080021d0   0x0000000c   Code   RO          413    i.OTG_FS_IRQHandler  stm32f4xx_it.o
    0x080021dc   0x080021dc   0x00000002   Code   RO          414    i.PendSV_Handler    stm32f4xx_it.o
    0x080021de   0x080021de   0x00000002   Code   RO          415    i.SVC_Handler       stm32f4xx_it.o
    0x080021e0   0x080021e0   0x0000000e   Code   RO          416    i.SysTick_Handler   stm32f4xx_it.o
    0x080021ee   0x080021ee   0x00000002   PAD
    0x080021f0   0x080021f0   0x000000a0   Code   RO           17    i.SystemClock_Config  main.o
    0x08002290   0x08002290   0x00000054   Code   RO         2414    i.SystemInit        system_stm32f4xx.o
    0x080022e4   0x080022e4   0x0000000c   Code   RO          417    i.UART4_IRQHandler  stm32f4xx_it.o
    0x080022f0   0x080022f0   0x00000010   Code   RO         1080    i.UART_DMAAbortOnError  stm32f4xx_hal_uart.o
    0x08002300   0x08002300   0x0000004a   Code   RO         1081    i.UART_DMAError     stm32f4xx_hal_uart.o
    0x0800234a   0x0800234a   0x0000003c   Code   RO         1082    i.UART_DMAReceiveCplt  stm32f4xx_hal_uart.o
    0x08002386   0x08002386   0x0000000a   Code   RO         1084    i.UART_DMARxHalfCplt  stm32f4xx_hal_uart.o
    0x08002390   0x08002390   0x0000002e   Code   RO         1086    i.UART_DMATransmitCplt  stm32f4xx_hal_uart.o
    0x080023be   0x080023be   0x0000000a   Code   RO         1088    i.UART_DMATxHalfCplt  stm32f4xx_hal_uart.o
    0x080023c8   0x080023c8   0x0000001c   Code   RO         1090    i.UART_EndRxTransfer  stm32f4xx_hal_uart.o
    0x080023e4   0x080023e4   0x00000012   Code   RO         1091    i.UART_EndTxTransfer  stm32f4xx_hal_uart.o
    0x080023f6   0x080023f6   0x0000008c   Code   RO         1092    i.UART_Receive_IT   stm32f4xx_hal_uart.o
    0x08002482   0x08002482   0x00000002   PAD
    0x08002484   0x08002484   0x000002ac   Code   RO         1093    i.UART_SetConfig    stm32f4xx_hal_uart.o
    0x08002730   0x08002730   0x00000062   Code   RO         1094    i.UART_Transmit_IT  stm32f4xx_hal_uart.o
    0x08002792   0x08002792   0x00000064   Code   RO         1095    i.UART_WaitOnFlagUntilTimeout  stm32f4xx_hal_uart.o
    0x080027f6   0x080027f6   0x00000002   PAD
    0x080027f8   0x080027f8   0x00000054   Code   RO          418    i.USART3_IRQHandler  stm32f4xx_it.o
    0x0800284c   0x0800284c   0x00000034   Code   RO         2728    i.USBH_AllocPipe    usbh_pipes.o
    0x08002880   0x08002880   0x0000000a   Code   RO         2729    i.USBH_ClosePipe    usbh_pipes.o
    0x0800288a   0x0800288a   0x0000001e   Code   RO         2568    i.USBH_ClrFeature   usbh_ctlreq.o
    0x080028a8   0x080028a8   0x0000001e   Code   RO         2658    i.USBH_CtlReceiveData  usbh_ioreq.o
    0x080028c6   0x080028c6   0x00000036   Code   RO         2569    i.USBH_CtlReq       usbh_ctlreq.o
    0x080028fc   0x080028fc   0x00000028   Code   RO         2659    i.USBH_CtlSendData  usbh_ioreq.o
    0x08002924   0x08002924   0x0000001e   Code   RO         2660    i.USBH_CtlSendSetup  usbh_ioreq.o
    0x08002942   0x08002942   0x00000004   Code   RO          263    i.USBH_Delay        usbh_conf.o
    0x08002946   0x08002946   0x00000044   Code   RO         2453    i.USBH_FindInterface  usbh_core.o
    0x0800298a   0x0800298a   0x00000018   Code   RO         2730    i.USBH_FreePipe     usbh_pipes.o
    0x080029a2   0x080029a2   0x00000034   Code   RO         2570    i.USBH_GetDescriptor  usbh_ctlreq.o
    0x080029d6   0x080029d6   0x0000000e   Code   RO         2571    i.USBH_GetNextDesc  usbh_ctlreq.o
    0x080029e4   0x080029e4   0x0000002c   Code   RO         2572    i.USBH_Get_CfgDesc  usbh_ctlreq.o
    0x08002a10   0x08002a10   0x0000009a   Code   RO         2573    i.USBH_Get_DevDesc  usbh_ctlreq.o
    0x08002aaa   0x08002aaa   0x00000048   Code   RO         2574    i.USBH_Get_StringDesc  usbh_ctlreq.o
    0x08002af2   0x08002af2   0x000000ac   Code   RO         2770    i.USBH_HID_ClassRequest  usbh_hid.o
    0x08002b9e   0x08002b9e   0x00000002   Code   RO         2771    i.USBH_HID_EventCallback  usbh_hid.o
    0x08002ba0   0x08002ba0   0x00000014   Code   RO         2773    i.USBH_HID_GetHIDDescriptor  usbh_hid.o
    0x08002bb4   0x08002bb4   0x00000014   Code   RO         2774    i.USBH_HID_GetHIDReportDescriptor  usbh_hid.o
    0x08002bc8   0x08002bc8   0x00000022   Code   RO         2776    i.USBH_HID_GetReport  usbh_hid.o
    0x08002bea   0x08002bea   0x00000044   Code   RO         2777    i.USBH_HID_InterfaceDeInit  usbh_hid.o
    0x08002c2e   0x08002c2e   0x00000002   PAD
    0x08002c30   0x08002c30   0x0000015c   Code   RO         2778    i.USBH_HID_InterfaceInit  usbh_hid.o
    0x08002d8c   0x08002d8c   0x00000054   Code   RO         2898    i.USBH_HID_KeybdInit  usbh_hid_keybd.o
    0x08002de0   0x08002de0   0x0000003c   Code   RO         2943    i.USBH_HID_MouseInit  usbh_hid_mouse.o
    0x08002e1c   0x08002e1c   0x000000bc   Code   RO         2779    i.USBH_HID_Process  usbh_hid.o
    0x08002ed8   0x08002ed8   0x00000022   Code   RO         2780    i.USBH_HID_SOFProcess  usbh_hid.o
    0x08002efa   0x08002efa   0x0000001a   Code   RO         2781    i.USBH_HID_SetIdle  usbh_hid.o
    0x08002f14   0x08002f14   0x0000001e   Code   RO         2782    i.USBH_HID_SetProtocol  usbh_hid.o
    0x08002f32   0x08002f32   0x0000017e   Code   RO         2575    i.USBH_HandleControl  usbh_ctlreq.o
    0x080030b0   0x080030b0   0x000000f2   Code   RO         2456    i.USBH_HandleEnum   usbh_core.o
    0x080031a2   0x080031a2   0x00000030   Code   RO         2457    i.USBH_Init         usbh_core.o
    0x080031d2   0x080031d2   0x00000020   Code   RO         2661    i.USBH_InterruptReceiveData  usbh_ioreq.o
    0x080031f2   0x080031f2   0x00000020   Code   RO          264    i.USBH_LL_ClosePipe  usbh_conf.o
    0x08003212   0x08003212   0x00000028   Code   RO         2458    i.USBH_LL_Connect   usbh_core.o
    0x0800323a   0x0800323a   0x00000038   Code   RO         2459    i.USBH_LL_Disconnect  usbh_core.o
    0x08003272   0x08003272   0x0000000c   Code   RO          266    i.USBH_LL_DriverVBUS  usbh_conf.o
    0x0800327e   0x0800327e   0x00000022   Code   RO          268    i.USBH_LL_GetSpeed  usbh_conf.o
    0x080032a0   0x080032a0   0x00000008   Code   RO          270    i.USBH_LL_GetURBState  usbh_conf.o
    0x080032a8   0x080032a8   0x0000001e   Code   RO         2460    i.USBH_LL_IncTimer  usbh_core.o
    0x080032c6   0x080032c6   0x00000002   PAD
    0x080032c8   0x080032c8   0x00000068   Code   RO          271    i.USBH_LL_Init      usbh_conf.o
    0x08003330   0x08003330   0x0000002a   Code   RO          272    i.USBH_LL_OpenPipe  usbh_conf.o
    0x0800335a   0x0800335a   0x00000020   Code   RO          273    i.USBH_LL_ResetPort  usbh_conf.o
    0x0800337a   0x0800337a   0x00000006   Code   RO         2461    i.USBH_LL_SetTimer  usbh_core.o
    0x08003380   0x08003380   0x00000020   Code   RO          274    i.USBH_LL_SetToggle  usbh_conf.o
    0x080033a0   0x080033a0   0x00000020   Code   RO          275    i.USBH_LL_Start     usbh_conf.o
    0x080033c0   0x080033c0   0x00000020   Code   RO          276    i.USBH_LL_Stop      usbh_conf.o
    0x080033e0   0x080033e0   0x00000030   Code   RO          277    i.USBH_LL_SubmitURB  usbh_conf.o
    0x08003410   0x08003410   0x00000014   Code   RO         2731    i.USBH_OpenPipe     usbh_pipes.o
    0x08003424   0x08003424   0x000000e8   Code   RO         2576    i.USBH_ParseCfgDesc  usbh_ctlreq.o
    0x0800350c   0x0800350c   0x00000168   Code   RO         2462    i.USBH_Process      usbh_core.o
    0x08003674   0x08003674   0x0000001c   Code   RO         2464    i.USBH_RegisterClass  usbh_core.o
    0x08003690   0x08003690   0x00000016   Code   RO         2465    i.USBH_SelectInterface  usbh_core.o
    0x080036a6   0x080036a6   0x0000001c   Code   RO         2577    i.USBH_SetAddress   usbh_ctlreq.o
    0x080036c2   0x080036c2   0x0000001c   Code   RO         2578    i.USBH_SetCfg       usbh_ctlreq.o
    0x080036de   0x080036de   0x00000014   Code   RO         2466    i.USBH_Start        usbh_core.o
    0x080036f2   0x080036f2   0x00000002   PAD
    0x080036f4   0x080036f4   0x00000038   Code   RO          210    i.USBH_UserProcess  usb_host.o
    0x0800372c   0x0800372c   0x0000006c   Code   RO          727    i.USB_CoreInit      stm32f4xx_ll_usb.o
    0x08003798   0x08003798   0x00000038   Code   RO          728    i.USB_CoreReset     stm32f4xx_ll_usb.o
    0x080037d0   0x080037d0   0x0000000c   Code   RO          734    i.USB_DisableGlobalInt  stm32f4xx_ll_usb.o
    0x080037dc   0x080037dc   0x00000040   Code   RO          735    i.USB_DoPing        stm32f4xx_ll_usb.o
    0x0800381c   0x0800381c   0x0000002c   Code   RO          736    i.USB_DriveVbus     stm32f4xx_ll_usb.o
    0x08003848   0x08003848   0x0000000c   Code   RO          742    i.USB_EnableGlobalInt  stm32f4xx_ll_usb.o
    0x08003854   0x08003854   0x00000020   Code   RO          743    i.USB_FlushRxFifo   stm32f4xx_ll_usb.o
    0x08003874   0x08003874   0x00000024   Code   RO          744    i.USB_FlushTxFifo   stm32f4xx_ll_usb.o
    0x08003898   0x08003898   0x00000008   Code   RO          745    i.USB_GetCurrentFrame  stm32f4xx_ll_usb.o
    0x080038a0   0x080038a0   0x0000000e   Code   RO          747    i.USB_GetHostSpeed  stm32f4xx_ll_usb.o
    0x080038ae   0x080038ae   0x00000008   Code   RO          748    i.USB_GetMode       stm32f4xx_ll_usb.o
    0x080038b6   0x080038b6   0x00000148   Code   RO          749    i.USB_HC_Halt       stm32f4xx_ll_usb.o
    0x080039fe   0x080039fe   0x00000002   PAD
    0x08003a00   0x08003a00   0x000000ea   Code   RO          750    i.USB_HC_Init       stm32f4xx_ll_usb.o
    0x08003aea   0x08003aea   0x0000000c   Code   RO          751    i.USB_HC_ReadInterrupt  stm32f4xx_ll_usb.o
    0x08003af6   0x08003af6   0x00000002   PAD
    0x08003af8   0x08003af8   0x00000188   Code   RO          752    i.USB_HC_StartXfer  stm32f4xx_ll_usb.o
    0x08003c80   0x08003c80   0x000000d4   Code   RO          753    i.USB_HostInit      stm32f4xx_ll_usb.o
    0x08003d54   0x08003d54   0x00000036   Code   RO          754    i.USB_InitFSLSPClkSel  stm32f4xx_ll_usb.o
    0x08003d8a   0x08003d8a   0x00000008   Code   RO          759    i.USB_ReadInterrupts  stm32f4xx_ll_usb.o
    0x08003d92   0x08003d92   0x00000020   Code   RO          760    i.USB_ReadPacket    stm32f4xx_ll_usb.o
    0x08003db2   0x08003db2   0x0000002c   Code   RO          761    i.USB_ResetPort     stm32f4xx_ll_usb.o
    0x08003dde   0x08003dde   0x0000002c   Code   RO          762    i.USB_SetCurrentMode  stm32f4xx_ll_usb.o
    0x08003e0a   0x08003e0a   0x000000b2   Code   RO          766    i.USB_StopHost      stm32f4xx_ll_usb.o
    0x08003ebc   0x08003ebc   0x00000028   Code   RO          767    i.USB_WritePacket   stm32f4xx_ll_usb.o
    0x08003ee4   0x08003ee4   0x00000002   Code   RO          419    i.UsageFault_Handler  stm32f4xx_it.o
    0x08003ee6   0x08003ee6   0x00000002   Code   RO           18    i._Error_Handler    main.o
    0x08003ee8   0x08003ee8   0x00000020   Code   RO         3169    i.__0printf$3       mc_w.l(printf3.o)
    0x08003f08   0x08003f08   0x0000000e   Code   RO         3411    i.__scatterload_copy  mc_w.l(handlers.o)
    0x08003f16   0x08003f16   0x00000002   Code   RO         3412    i.__scatterload_null  mc_w.l(handlers.o)
    0x08003f18   0x08003f18   0x0000000e   Code   RO         3413    i.__scatterload_zeroinit  mc_w.l(handlers.o)
    0x08003f26   0x08003f26   0x00000002   PAD
    0x08003f28   0x08003f28   0x000001b8   Code   RO         3176    i._printf_core      mc_w.l(printf3.o)
    0x080040e0   0x080040e0   0x0000000e   Code   RO         2784    i.fifo_init         usbh_hid.o
    0x080040ee   0x080040ee   0x00000050   Code   RO         2786    i.fifo_write        usbh_hid.o
    0x0800413e   0x0800413e   0x00000002   PAD
    0x08004140   0x08004140   0x00000024   Code   RO         3039    i.fputc             usar_fputc.o
    0x08004164   0x08004164   0x00000050   Code   RO         3341    i.free              mc_w.l(malloc.o)
    0x080041b4   0x080041b4   0x000000bc   Code   RO           19    i.main              main.o
    0x08004270   0x08004270   0x0000006c   Code   RO         3342    i.malloc            mc_w.l(malloc.o)
    0x080042dc   0x080042dc   0x00000008   Data   RO         1842    .constdata          stm32f4xx_hal_dma.o
    0x080042e4   0x080042e4   0x00000010   Data   RO         2415    .constdata          system_stm32f4xx.o
    0x080042f4   0x080042f4   0x00000008   Data   RO         2416    .constdata          system_stm32f4xx.o
    0x080042fc   0x080042fc   0x00000004   Data   RO         2787    .conststring        usbh_hid.o
    0x08004300   0x08004300   0x00000020   Data   RO         3409    Region$$Table       anon$$obj.o


    Execution Region RW_IRAM1 (Exec base: 0x20000000, Load base: 0x08004320, Size: 0x00001940, Max: 0x00020000, ABSOLUTE)

    Exec Addr    Load Addr    Size         Type   Attr      Idx    E Section Name        Object

    0x20000000   0x08004320   0x00000001   Data   RW           26    .data               main.o
    0x20000001   0x08004321   0x00000001   Data   RW           27    .data               main.o
    0x20000002   0x08004322   0x00000002   PAD
    0x20000004   0x08004324   0x00000010   Data   RW           28    .data               main.o
    0x20000014   0x08004334   0x00000001   Data   RW          212    .data               usb_host.o
    0x20000015   0x08004335   0x00000003   PAD
    0x20000018   0x08004338   0x0000000c   Data   RW         2267    .data               stm32f4xx_hal.o
    0x20000024   0x08004344   0x00000004   Data   RW         2417    .data               system_stm32f4xx.o
    0x20000028   0x08004348   0x00000020   Data   RW         2788    .data               usbh_hid.o
    0x20000048   0x08004368   0x00000008   Data   RW         2901    .data               usbh_hid_keybd.o
    0x20000050   0x08004370   0x00000009   Data   RW         2945    .data               usbh_hid_mouse.o
    0x20000059   0x08004379   0x00000002   Data   RW         3040    .data               usar_fputc.o
    0x2000005b   0x0800437b   0x00000001   PAD
    0x2000005c   0x0800437c   0x00000004   Data   RW         3383    .data               mc_w.l(stdout.o)
    0x20000060   0x08004380   0x00000004   Data   RW         3390    .data               mc_w.l(mvars.o)
    0x20000064   0x08004384   0x00000004   Data   RW         3391    .data               mc_w.l(mvars.o)
    0x20000068        -       0x000004e4   Zero   RW           20    .bss                main.o
    0x2000054c        -       0x00000060   Zero   RW           21    .bss                main.o
    0x200005ac        -       0x00000060   Zero   RW           22    .bss                main.o
    0x2000060c        -       0x00000060   Zero   RW           23    .bss                main.o
    0x2000066c        -       0x00000060   Zero   RW           24    .bss                main.o
    0x200006cc        -       0x000003c8   Zero   RW          211    .bss                usb_host.o
    0x20000a94        -       0x00000298   Zero   RW          278    .bss                usbh_conf.o
    0x20000d2c        -       0x0000000f   Zero   RW         2899    .bss                usbh_hid_keybd.o
    0x20000d3b   0x08004388   0x00000005   PAD
    0x20000d40        -       0x00000400   Zero   RW            2    HEAP                startup_stm32f407xx.o
    0x20001140        -       0x00000800   Zero   RW            1    STACK               startup_stm32f407xx.o


==============================================================================

Image component sizes


      Code (inc. data)   RO Data    RW Data    ZI Data      Debug   Object Name

       802         96          0         18       1636     672752   main.o
        36          8        392          0       3072        832   startup_stm32f407xx.o
       180         28          0         12          0       4541   stm32f4xx_hal.o
       228         14          0          0          0      32089   stm32f4xx_hal_cortex.o
      1090         16          8          0          0       7310   stm32f4xx_hal_dma.o
       442         44          0          0          0       2412   stm32f4xx_hal_gpio.o
      2186          4          0          0          0      12655   stm32f4xx_hal_hcd.o
       540         76          0          0          0       2045   stm32f4xx_hal_msp.o
      1272         82          0          0          0       5592   stm32f4xx_hal_rcc.o
      2288         42          0          0          0      16805   stm32f4xx_hal_uart.o
       186         58          0          0          0       8433   stm32f4xx_it.o
      1972         48          0          0          0      17079   stm32f4xx_ll_usb.o
        84         18         24          4          0       1147   system_stm32f4xx.o
       152         64          0          0          0        560   uar.o
        36         10          0          2          0        770   usar_fputc.o
       112         28          0          1        968      11678   usb_host.o
       562         36          0          0        664      10450   usbh_conf.o
       992         20          0          0          0       9564   usbh_core.o
      1090         12          0          0          0       9880   usbh_ctlreq.o
      1036         24          4         32          0      14941   usbh_hid.o
        84          8          0          8         15       2124   usbh_hid_keybd.o
        60          4          0          9          0       1688   usbh_hid_mouse.o
       132          0          0          0          0       3501   usbh_ioreq.o
       106          0          0          0          0       3330   usbh_pipes.o

    ----------------------------------------------------------------------
     15700        740        460         92       6360     852178   Object Totals
         0          0         32          0          0          0   (incl. Generated)
        32          0          0          6          5          0   (incl. Padding)

    ----------------------------------------------------------------------

      Code (inc. data)   RO Data    RW Data    ZI Data      Debug   Library Member Name

         0          0          0          0          0          0   entry.o
         0          0          0          0          0          0   entry10a.o
         0          0          0          0          0          0   entry11a.o
         8          4          0          0          0          0   entry2.o
         4          0          0          0          0          0   entry5.o
         0          0          0          0          0          0   entry7b.o
         0          0          0          0          0          0   entry8b.o
         8          4          0          0          0          0   entry9a.o
        30          0          0          0          0          0   handlers.o
        36          8          0          0          0         68   init.o
        30          0          0          0          0         68   llshl.o
        32          0          0          0          0         68   llushr.o
       188         20          0          0          0        160   malloc.o
        36          0          0          0          0         68   memcpya.o
        36          0          0          0          0        108   memseta.o
         0          0          0          8          0          0   mvars.o
       472         14          0          0          0        184   printf3.o
         0          0          0          4          0          0   stdout.o
        44          0          0          0          0         80   uidiv.o
        98          0          0          0          0         92   uldiv.o

    ----------------------------------------------------------------------
      1024         50          0         12          0        896   Library Totals
         2          0          0          0          0          0   (incl. Padding)

    ----------------------------------------------------------------------

      Code (inc. data)   RO Data    RW Data    ZI Data      Debug   Library Name

      1022         50          0         12          0        896   mc_w.l

    ----------------------------------------------------------------------
      1024         50          0         12          0        896   Library Totals

    ----------------------------------------------------------------------

==============================================================================


      Code (inc. data)   RO Data    RW Data    ZI Data      Debug   

     16724        790        460        104       6360     835362   Grand Totals
     16724        790        460        104       6360     835362   ELF Image Totals
     16724        790        460        104          0          0   ROM Totals

==============================================================================

    Total RO  Size (Code + RO Data)                17184 (  16.78kB)
    Total RW  Size (RW Data + ZI Data)              6464 (   6.31kB)
    Total ROM Size (Code + RO Data + RW Data)      17288 (  16.88kB)

==============================================================================

